 Fitting the PES based on the embedded atom neural network
 Based on the idea of embeeding atomic method
 done: readinput
 done: allocate_all
 done: get_index
 1   82   82
 111000  |11000
 done: readcoor
 the total parameter: allnw=        6150
 the total wave parameter: wave_allnw=         297
 number of configurations used for training        9900
 number of AtNN           1
 number of neuron of output layer           1
        1.00000000       10.00000000
 maximal angular moment L           2
 number of GTO-type radial function    10    10    10
      9    82   246 11000
 Ru      33   30   30    1
 C       33   30   30    1
 O       33   30   30    1
 2025/07/26  18:25:37.63
 Epoch      1/   200; Mu= 1.E-02; Perform= 1.468E+01 8.767E+01 / 1.498E+01 9.928E+01 meV; Val= 0/15
 Epoch      2/   200; Mu= 1.E-02; Perform= 1.365E+01 8.302E+01 / 1.357E+01 8.653E+01 meV; Val= 0/15
 Epoch      3/   200; Mu= 1.E-01; Perform= 9.931E+00 6.099E+01 / 1.027E+01 6.669E+01 meV; Val= 0/15
 Epoch      4/   200; Mu= 1.E-01; Perform= 8.312E+00 4.910E+01 / 8.337E+00 5.123E+01 meV; Val= 0/15
 Epoch      5/   200; Mu= 1.E-01; Perform= 6.114E+00 3.026E+01 / 5.853E+00 3.000E+01 meV; Val= 0/15
 Epoch      6/   200; Mu= 1.E-01; Perform= 5.627E+00 2.649E+01 / 5.361E+00 2.797E+01 meV; Val= 0/15
 Epoch      7/   200; Mu= 1.E-01; Perform= 5.349E+00 2.346E+01 / 5.126E+00 2.578E+01 meV; Val= 0/15
 Epoch      8/   200; Mu= 1.E-01; Perform= 5.213E+00 2.220E+01 / 4.957E+00 2.451E+01 meV; Val= 0/15
 Epoch      9/   200; Mu= 1.E-01; Perform= 5.137E+00 2.158E+01 / 4.878E+00 2.389E+01 meV; Val= 0/15
 Epoch     10/   200; Mu= 1.E-01; Perform= 5.080E+00 2.105E+01 / 4.815E+00 2.342E+01 meV; Val= 0/15
 Epoch     11/   200; Mu= 1.E-01; Perform= 5.028E+00 2.060E+01 / 4.764E+00 2.286E+01 meV; Val= 0/15
 Epoch     12/   200; Mu= 1.E-01; Perform= 4.985E+00 2.027E+01 / 4.718E+00 2.232E+01 meV; Val= 0/15
 Epoch     13/   200; Mu= 1.E-01; Perform= 4.948E+00 1.999E+01 / 4.679E+00 2.180E+01 meV; Val= 0/15
 Epoch     14/   200; Mu= 1.E-01; Perform= 4.913E+00 1.973E+01 / 4.646E+00 2.129E+01 meV; Val= 0/15
 Epoch     15/   200; Mu= 1.E-01; Perform= 4.879E+00 1.948E+01 / 4.621E+00 2.082E+01 meV; Val= 0/15
 Epoch     16/   200; Mu= 1.E-01; Perform= 4.843E+00 1.925E+01 / 4.605E+00 2.039E+01 meV; Val= 0/15
 Epoch     17/   200; Mu= 1.E-01; Perform= 4.805E+00 1.903E+01 / 4.604E+00 2.006E+01 meV; Val= 0/15
 Epoch     18/   200; Mu= 1.E-01; Perform= 4.766E+00 1.884E+01 / 4.617E+00 1.994E+01 meV; Val= 1/15
 Epoch     19/   200; Mu= 1.E-01; Perform= 4.727E+00 1.868E+01 / 4.638E+00 1.997E+01 meV; Val= 2/15
 Epoch     20/   200; Mu= 1.E-01; Perform= 4.690E+00 1.852E+01 / 4.659E+00 1.999E+01 meV; Val= 3/15
 Epoch     21/   200; Mu= 1.E-01; Perform= 4.658E+00 1.838E+01 / 4.686E+00 1.995E+01 meV; Val= 4/15
 Epoch     22/   200; Mu= 1.E-01; Perform= 4.631E+00 1.824E+01 / 4.726E+00 1.989E+01 meV; Val= 5/15
 Epoch     23/   200; Mu= 1.E-01; Perform= 4.608E+00 1.811E+01 / 4.785E+00 1.982E+01 meV; Val= 6/15
 Epoch     24/   200; Mu= 1.E-01; Perform= 4.588E+00 1.799E+01 / 4.865E+00 1.973E+01 meV; Val= 7/15
 Epoch     25/   200; Mu= 1.E-01; Perform= 4.569E+00 1.787E+01 / 4.966E+00 1.962E+01 meV; Val= 8/15
 Epoch     26/   200; Mu= 1.E-01; Perform= 4.551E+00 1.776E+01 / 5.087E+00 1.951E+01 meV; Val= 9/15
 Epoch     27/   200; Mu= 1.E-01; Perform= 4.534E+00 1.766E+01 / 5.226E+00 1.939E+01 meV; Val=10/15
 Epoch     28/   200; Mu= 1.E-01; Perform= 4.517E+00 1.756E+01 / 5.380E+00 1.930E+01 meV; Val=11/15
 Epoch     29/   200; Mu= 1.E-01; Perform= 4.502E+00 1.746E+01 / 5.548E+00 1.922E+01 meV; Val=12/15
 Epoch     30/   200; Mu= 1.E-01; Perform= 4.486E+00 1.737E+01 / 5.726E+00 1.918E+01 meV; Val=13/15
 Epoch     31/   200; Mu= 1.E-01; Perform= 4.472E+00 1.728E+01 / 5.909E+00 1.915E+01 meV; Val=14/15
 Epoch     32/   200; Mu= 1.E-01; Perform= 4.458E+00 1.719E+01 / 6.092E+00 1.914E+01 meV; Val=15/15
 Total rmse_01=  19.1378 meV; Total force rmse_=  22.9535 meV/angstrom; train=  19.0326; validation=  20.0596force train=  23.0636; force validation=  21.9376
 2025/07/26  21:13:24.60
 2025/07/26  21:13:24.60
 Epoch      1/   200; Mu= 1.E-02; Perform= 1.730E+01 1.142E+02 / 1.697E+01 1.118E+02 meV; Val= 0/15
 Epoch      2/   200; Mu= 1.E-02; Perform= 1.484E+01 9.441E+01 / 1.433E+01 9.279E+01 meV; Val= 0/15
 Epoch      3/   200; Mu= 1.E-02; Perform= 1.374E+01 9.011E+01 / 1.331E+01 8.098E+01 meV; Val= 0/15
 Epoch      4/   200; Mu= 1.E-02; Perform= 1.346E+01 8.366E+01 / 1.288E+01 7.545E+01 meV; Val= 0/15
 Epoch      5/   200; Mu= 1.E-01; Perform= 8.156E+00 4.621E+01 / 8.054E+00 4.463E+01 meV; Val= 0/15
 Epoch      6/   200; Mu= 1.E-01; Perform= 6.372E+00 3.262E+01 / 6.457E+00 3.300E+01 meV; Val= 0/15
 Epoch      7/   200; Mu= 1.E-01; Perform= 5.684E+00 2.584E+01 / 6.215E+00 2.923E+01 meV; Val= 0/15
 Epoch      8/   200; Mu= 1.E-01; Perform= 5.291E+00 2.286E+01 / 5.723E+00 2.897E+01 meV; Val= 0/15
 Epoch      9/   200; Mu= 1.E-01; Perform= 5.189E+00 2.194E+01 / 5.766E+00 2.884E+01 meV; Val= 1/15
 Epoch     10/   200; Mu= 1.E-01; Perform= 5.126E+00 2.145E+01 / 5.684E+00 2.809E+01 meV; Val= 0/15
 Epoch     11/   200; Mu= 1.E-01; Perform= 5.071E+00 2.104E+01 / 5.678E+00 2.758E+01 meV; Val= 0/15
 Epoch     12/   200; Mu= 1.E-01; Perform= 5.019E+00 2.066E+01 / 5.678E+00 2.710E+01 meV; Val= 0/15
 Epoch     13/   200; Mu= 1.E-01; Perform= 4.966E+00 2.033E+01 / 5.690E+00 2.680E+01 meV; Val= 1/15
 Epoch     14/   200; Mu= 1.E-01; Perform= 4.910E+00 2.008E+01 / 5.720E+00 2.666E+01 meV; Val= 2/15
 Epoch     15/   200; Mu= 1.E-01; Perform= 4.856E+00 1.988E+01 / 5.761E+00 2.670E+01 meV; Val= 3/15
 Epoch     16/   200; Mu= 1.E-01; Perform= 4.807E+00 1.967E+01 / 5.775E+00 2.679E+01 meV; Val= 4/15
 Epoch     17/   200; Mu= 1.E-01; Perform= 4.768E+00 1.943E+01 / 5.757E+00 2.679E+01 meV; Val= 0/15
 Epoch     18/   200; Mu= 1.E-01; Perform= 4.736E+00 1.919E+01 / 5.718E+00 2.675E+01 meV; Val= 0/15
 Epoch     19/   200; Mu= 1.E-01; Perform= 4.709E+00 1.898E+01 / 5.681E+00 2.673E+01 meV; Val= 0/15
 Epoch     20/   200; Mu= 1.E-01; Perform= 4.685E+00 1.879E+01 / 5.651E+00 2.672E+01 meV; Val= 0/15
 Epoch     21/   200; Mu= 1.E-01; Perform= 4.663E+00 1.861E+01 / 5.624E+00 2.668E+01 meV; Val= 0/15
 Epoch     22/   200; Mu= 1.E-01; Perform= 4.643E+00 1.845E+01 / 5.601E+00 2.662E+01 meV; Val= 0/15
 Epoch     23/   200; Mu= 1.E-01; Perform= 4.624E+00 1.831E+01 / 5.579E+00 2.653E+01 meV; Val= 0/15
 Epoch     24/   200; Mu= 1.E-01; Perform= 4.606E+00 1.817E+01 / 5.557E+00 2.642E+01 meV; Val= 0/15
 Epoch     25/   200; Mu= 1.E-01; Perform= 4.589E+00 1.804E+01 / 5.533E+00 2.628E+01 meV; Val= 0/15
 Epoch     26/   200; Mu= 1.E-01; Perform= 4.573E+00 1.792E+01 / 5.503E+00 2.611E+01 meV; Val= 0/15
 Epoch     27/   200; Mu= 1.E-01; Perform= 4.557E+00 1.781E+01 / 5.469E+00 2.592E+01 meV; Val= 0/15
 Epoch     28/   200; Mu= 1.E-01; Perform= 4.542E+00 1.770E+01 / 5.430E+00 2.570E+01 meV; Val= 0/15
 Epoch     29/   200; Mu= 1.E-01; Perform= 4.527E+00 1.760E+01 / 5.391E+00 2.548E+01 meV; Val= 0/15
 Epoch     30/   200; Mu= 1.E-01; Perform= 4.513E+00 1.751E+01 / 5.353E+00 2.526E+01 meV; Val= 0/15
 Epoch     31/   200; Mu= 1.E-01; Perform= 4.499E+00 1.742E+01 / 5.321E+00 2.507E+01 meV; Val= 0/15
 Epoch     32/   200; Mu= 1.E-01; Perform= 4.486E+00 1.733E+01 / 5.294E+00 2.491E+01 meV; Val= 0/15
 Epoch     33/   200; Mu= 1.E-01; Perform= 4.473E+00 1.725E+01 / 5.274E+00 2.478E+01 meV; Val= 0/15
 Epoch     34/   200; Mu= 1.E-01; Perform= 4.461E+00 1.717E+01 / 5.258E+00 2.465E+01 meV; Val= 0/15
 Epoch     35/   200; Mu= 1.E-01; Perform= 4.449E+00 1.709E+01 / 5.244E+00 2.453E+01 meV; Val= 0/15
 Epoch     36/   200; Mu= 1.E-01; Perform= 4.438E+00 1.701E+01 / 5.230E+00 2.439E+01 meV; Val= 0/15
 Epoch     37/   200; Mu= 1.E-01; Perform= 4.427E+00 1.694E+01 / 5.215E+00 2.424E+01 meV; Val= 0/15
 Epoch     38/   200; Mu= 1.E-01; Perform= 4.416E+00 1.687E+01 / 5.198E+00 2.406E+01 meV; Val= 0/15
 Epoch     39/   200; Mu= 1.E-01; Perform= 4.406E+00 1.681E+01 / 5.180E+00 2.388E+01 meV; Val= 0/15
 Epoch     40/   200; Mu= 1.E-01; Perform= 4.397E+00 1.674E+01 / 5.161E+00 2.368E+01 meV; Val= 0/15
 Epoch     41/   200; Mu= 1.E-01; Perform= 4.387E+00 1.668E+01 / 5.141E+00 2.347E+01 meV; Val= 0/15
 Epoch     42/   200; Mu= 1.E-01; Perform= 4.378E+00 1.661E+01 / 5.120E+00 2.325E+01 meV; Val= 0/15
 Epoch     43/   200; Mu= 1.E-01; Perform= 4.369E+00 1.655E+01 / 5.099E+00 2.304E+01 meV; Val= 0/15
 Epoch     44/   200; Mu= 1.E-01; Perform= 4.361E+00 1.649E+01 / 5.079E+00 2.282E+01 meV; Val= 0/15
 Epoch     45/   200; Mu= 1.E-01; Perform= 4.352E+00 1.644E+01 / 5.058E+00 2.260E+01 meV; Val= 0/15
 Epoch     46/   200; Mu= 1.E-01; Perform= 4.344E+00 1.638E+01 / 5.039E+00 2.239E+01 meV; Val= 0/15
 Epoch     47/   200; Mu= 1.E-01; Perform= 4.336E+00 1.633E+01 / 5.021E+00 2.218E+01 meV; Val= 0/15
 Epoch     48/   200; Mu= 1.E-01; Perform= 4.328E+00 1.628E+01 / 5.006E+00 2.199E+01 meV; Val= 0/15
 Epoch     49/   200; Mu= 1.E-01; Perform= 4.320E+00 1.623E+01 / 4.993E+00 2.181E+01 meV; Val= 0/15
 Epoch     50/   200; Mu= 1.E-01; Perform= 4.312E+00 1.618E+01 / 4.985E+00 2.165E+01 meV; Val= 0/15
 Epoch     51/   200; Mu= 1.E-01; Perform= 4.304E+00 1.613E+01 / 4.982E+00 2.150E+01 meV; Val= 0/15
 Epoch     52/   200; Mu= 1.E-01; Perform= 4.296E+00 1.609E+01 / 4.984E+00 2.137E+01 meV; Val= 1/15
 Epoch     53/   200; Mu= 1.E-01; Perform= 4.288E+00 1.605E+01 / 4.992E+00 2.126E+01 meV; Val= 2/15
 Epoch     54/   200; Mu= 1.E-01; Perform= 4.279E+00 1.601E+01 / 5.005E+00 2.117E+01 meV; Val= 3/15
 Epoch     55/   200; Mu= 1.E-01; Perform= 4.271E+00 1.597E+01 / 5.023E+00 2.110E+01 meV; Val= 4/15
 Epoch     56/   200; Mu= 1.E-01; Perform= 4.263E+00 1.594E+01 / 5.045E+00 2.103E+01 meV; Val= 5/15
 Epoch     57/   200; Mu= 1.E-01; Perform= 4.254E+00 1.590E+01 / 5.069E+00 2.098E+01 meV; Val= 6/15
 Epoch     58/   200; Mu= 1.E-01; Perform= 4.246E+00 1.587E+01 / 5.094E+00 2.094E+01 meV; Val= 7/15
 Epoch     59/   200; Mu= 1.E-01; Perform= 4.238E+00 1.583E+01 / 5.116E+00 2.090E+01 meV; Val= 8/15
 Epoch     60/   200; Mu= 1.E-01; Perform= 4.230E+00 1.580E+01 / 5.136E+00 2.087E+01 meV; Val= 9/15
 Epoch     61/   200; Mu= 1.E-01; Perform= 4.223E+00 1.577E+01 / 5.152E+00 2.084E+01 meV; Val=10/15
 Epoch     62/   200; Mu= 1.E-01; Perform= 4.216E+00 1.573E+01 / 5.163E+00 2.082E+01 meV; Val=11/15
 Epoch     63/   200; Mu= 1.E-01; Perform= 4.209E+00 1.570E+01 / 5.171E+00 2.081E+01 meV; Val=12/15
 Epoch     64/   200; Mu= 1.E-01; Perform= 4.202E+00 1.566E+01 / 5.177E+00 2.079E+01 meV; Val=13/15
 Epoch     65/   200; Mu= 1.E-01; Perform= 4.196E+00 1.563E+01 / 5.182E+00 2.079E+01 meV; Val=14/15
 Epoch     66/   200; Mu= 1.E-01; Perform= 4.190E+00 1.560E+01 / 5.186E+00 2.079E+01 meV; Val=15/15
 Total rmse_02=  16.7483 meV; Total force rmse_=  21.0532 meV/angstrom; train=  16.1340; validation=  21.5016force train=  20.7306; force validation=  23.7599
 2025/07/27  02:53:48.89
 2025/07/27  02:53:48.89
 Epoch      1/   200; Mu= 1.E-03; Perform= 2.061E+01 1.227E+02 / 2.291E+01 1.872E+02 meV; Val= 0/15
 Epoch      2/   200; Mu= 1.E-02; Perform= 1.348E+01 7.688E+01 / 1.406E+01 9.429E+01 meV; Val= 0/15
 Epoch      3/   200; Mu= 1.E-02; Perform= 1.025E+01 6.040E+01 / 1.160E+01 6.661E+01 meV; Val= 0/15
 Epoch      4/   200; Mu= 1.E-02; Perform= 9.027E+00 5.355E+01 / 1.058E+01 5.240E+01 meV; Val= 0/15
 Epoch      5/   200; Mu= 1.E-02; Perform= 7.971E+00 4.510E+01 / 1.025E+01 5.170E+01 meV; Val= 0/15
 Epoch      6/   200; Mu= 1.E-01; Perform= 5.307E+00 2.580E+01 / 7.771E+00 2.930E+01 meV; Val= 0/15
 Epoch      7/   200; Mu= 1.E-01; Perform= 4.873E+00 2.139E+01 / 7.556E+00 2.827E+01 meV; Val= 0/15
 Epoch      8/   200; Mu= 1.E-01; Perform= 4.805E+00 2.079E+01 / 7.545E+00 2.710E+01 meV; Val= 0/15
 Epoch      9/   200; Mu= 1.E-01; Perform= 4.766E+00 2.042E+01 / 7.596E+00 2.860E+01 meV; Val= 1/15
 Epoch     10/   200; Mu= 1.E-01; Perform= 4.736E+00 2.016E+01 / 7.619E+00 2.971E+01 meV; Val= 2/15
 Epoch     11/   200; Mu= 1.E-01; Perform= 4.711E+00 1.994E+01 / 7.659E+00 3.117E+01 meV; Val= 3/15
 Epoch     12/   200; Mu= 1.E-01; Perform= 4.689E+00 1.974E+01 / 7.697E+00 3.311E+01 meV; Val= 4/15
 Epoch     13/   200; Mu= 1.E-01; Perform= 4.668E+00 1.957E+01 / 7.751E+00 3.527E+01 meV; Val= 5/15
 Epoch     14/   200; Mu= 1.E-01; Perform= 4.649E+00 1.940E+01 / 7.821E+00 3.790E+01 meV; Val= 6/15
 Epoch     15/   200; Mu= 1.E-01; Perform= 4.632E+00 1.924E+01 / 7.910E+00 4.080E+01 meV; Val= 7/15
 Epoch     16/   200; Mu= 1.E-01; Perform= 4.615E+00 1.909E+01 / 8.017E+00 4.402E+01 meV; Val= 8/15
 Epoch     17/   200; Mu= 1.E-01; Perform= 4.599E+00 1.895E+01 / 8.140E+00 4.745E+01 meV; Val= 9/15
 Epoch     18/   200; Mu= 1.E-01; Perform= 4.585E+00 1.882E+01 / 8.279E+00 5.104E+01 meV; Val=10/15
 Epoch     19/   200; Mu= 1.E-01; Perform= 4.571E+00 1.870E+01 / 8.430E+00 5.471E+01 meV; Val=11/15
 Epoch     20/   200; Mu= 1.E-01; Perform= 4.557E+00 1.859E+01 / 8.591E+00 5.837E+01 meV; Val=12/15
 Epoch     21/   200; Mu= 1.E-01; Perform= 4.545E+00 1.848E+01 / 8.758E+00 6.195E+01 meV; Val=13/15
 Epoch     22/   200; Mu= 1.E-01; Perform= 4.532E+00 1.837E+01 / 8.926E+00 6.539E+01 meV; Val=14/15
 Epoch     23/   200; Mu= 1.E-01; Perform= 4.521E+00 1.828E+01 / 9.091E+00 6.861E+01 meV; Val=15/15
 Total rmse_03=  21.5050 meV; Total force rmse_=  24.6001 meV/angstrom; train=  20.7906; validation=  27.1005force train=  22.9111; force validation=  36.4333
 2025/07/27  04:53:25.99
 2025/07/27  04:53:25.99
 Epoch      1/   200; Mu= 1.E-02; Perform= 1.699E+01 1.129E+02 / 1.561E+01 1.057E+02 meV; Val= 0/15
 Epoch      2/   200; Mu= 1.E-01; Perform= 1.088E+01 6.558E+01 / 1.000E+01 6.345E+01 meV; Val= 0/15
 Epoch      3/   200; Mu= 1.E-01; Perform= 8.903E+00 4.499E+01 / 8.242E+00 4.415E+01 meV; Val= 0/15
 Epoch      4/   200; Mu= 1.E-01; Perform= 6.842E+00 3.563E+01 / 6.188E+00 3.049E+01 meV; Val= 0/15
 Epoch      5/   200; Mu= 1.E-01; Perform= 6.406E+00 3.124E+01 / 5.884E+00 2.971E+01 meV; Val= 0/15
 Epoch      6/   200; Mu= 1.E-01; Perform= 5.537E+00 2.486E+01 / 5.086E+00 2.405E+01 meV; Val= 0/15
 Epoch      7/   200; Mu= 1.E-01; Perform= 5.318E+00 2.333E+01 / 4.888E+00 2.310E+01 meV; Val= 0/15
 Epoch      8/   200; Mu= 1.E-01; Perform= 5.176E+00 2.204E+01 / 4.776E+00 2.240E+01 meV; Val= 0/15
 Epoch      9/   200; Mu= 1.E-01; Perform= 5.097E+00 2.143E+01 / 4.733E+00 2.160E+01 meV; Val= 0/15
 Epoch     10/   200; Mu= 1.E-01; Perform= 5.028E+00 2.089E+01 / 4.709E+00 2.130E+01 meV; Val= 0/15
 Epoch     11/   200; Mu= 1.E-01; Perform= 4.961E+00 2.050E+01 / 4.717E+00 2.112E+01 meV; Val= 1/15
 Epoch     12/   200; Mu= 1.E-01; Perform= 4.899E+00 2.014E+01 / 4.704E+00 2.090E+01 meV; Val= 0/15
 Epoch     13/   200; Mu= 1.E-01; Perform= 4.840E+00 1.982E+01 / 4.706E+00 2.073E+01 meV; Val= 1/15
 Epoch     14/   200; Mu= 1.E-01; Perform= 4.791E+00 1.958E+01 / 4.717E+00 2.063E+01 meV; Val= 2/15
 Epoch     15/   200; Mu= 1.E-01; Perform= 4.751E+00 1.937E+01 / 4.780E+00 2.059E+01 meV; Val= 3/15
 Epoch     16/   200; Mu= 1.E-01; Perform= 4.719E+00 1.916E+01 / 4.904E+00 2.074E+01 meV; Val= 4/15
 Epoch     17/   200; Mu= 1.E-01; Perform= 4.691E+00 1.897E+01 / 5.072E+00 2.096E+01 meV; Val= 5/15
 Epoch     18/   200; Mu= 1.E-01; Perform= 4.667E+00 1.881E+01 / 5.276E+00 2.120E+01 meV; Val= 6/15
 Epoch     19/   200; Mu= 1.E-01; Perform= 4.644E+00 1.866E+01 / 5.497E+00 2.144E+01 meV; Val= 7/15
 Epoch     20/   200; Mu= 1.E-01; Perform= 4.624E+00 1.852E+01 / 5.720E+00 2.166E+01 meV; Val= 8/15
 Epoch     21/   200; Mu= 1.E-01; Perform= 4.604E+00 1.838E+01 / 5.942E+00 2.186E+01 meV; Val= 9/15
 Epoch     22/   200; Mu= 1.E-01; Perform= 4.586E+00 1.825E+01 / 6.167E+00 2.205E+01 meV; Val=10/15
 Epoch     23/   200; Mu= 1.E-01; Perform= 4.569E+00 1.813E+01 / 6.403E+00 2.225E+01 meV; Val=11/15
 Epoch     24/   200; Mu= 1.E-01; Perform= 4.553E+00 1.802E+01 / 6.656E+00 2.247E+01 meV; Val=12/15
 Epoch     25/   200; Mu= 1.E-01; Perform= 4.537E+00 1.791E+01 / 6.932E+00 2.275E+01 meV; Val=13/15
 Epoch     26/   200; Mu= 1.E-01; Perform= 4.522E+00 1.781E+01 / 7.233E+00 2.309E+01 meV; Val=14/15
 Epoch     27/   200; Mu= 1.E-01; Perform= 4.508E+00 1.771E+01 / 7.563E+00 2.350E+01 meV; Val=15/15
 Total rmse_04=  20.2145 meV; Total force rmse_=  23.3491 meV/angstrom; train=  20.1370; validation=  20.8992force train=  23.4543; force validation=  22.3807
 2025/07/27  07:12:23.86
 2025/07/27  07:12:23.86
 Epoch      1/   200; Mu= 1.E-02; Perform= 1.721E+01 1.112E+02 / 1.577E+01 1.041E+02 meV; Val= 0/15
 Epoch      2/   200; Mu= 1.E-01; Perform= 1.097E+01 6.430E+01 / 1.007E+01 6.191E+01 meV; Val= 0/15
 Epoch      3/   200; Mu= 1.E-01; Perform= 8.713E+00 4.751E+01 / 7.997E+00 4.352E+01 meV; Val= 0/15
 Epoch      4/   200; Mu= 1.E-01; Perform= 7.049E+00 3.951E+01 / 6.423E+00 3.988E+01 meV; Val= 0/15
 Epoch      5/   200; Mu= 1.E-01; Perform= 6.089E+00 2.904E+01 / 5.702E+00 3.104E+01 meV; Val= 0/15
 Epoch      6/   200; Mu= 1.E-01; Perform= 5.816E+00 2.743E+01 / 5.460E+00 2.972E+01 meV; Val= 0/15
 Epoch      7/   200; Mu= 1.E-01; Perform= 5.299E+00 2.280E+01 / 5.068E+00 2.612E+01 meV; Val= 0/15
 Epoch      8/   200; Mu= 1.E-01; Perform= 5.133E+00 2.146E+01 / 4.911E+00 2.436E+01 meV; Val= 0/15
 Epoch      9/   200; Mu= 1.E-01; Perform= 5.044E+00 2.077E+01 / 4.936E+00 2.404E+01 meV; Val= 1/15
 Epoch     10/   200; Mu= 1.E-01; Perform= 4.976E+00 2.027E+01 / 4.928E+00 2.374E+01 meV; Val= 0/15
 Epoch     11/   200; Mu= 1.E-01; Perform= 4.917E+00 1.988E+01 / 4.958E+00 2.352E+01 meV; Val= 1/15
 Epoch     12/   200; Mu= 1.E-01; Perform= 4.863E+00 1.956E+01 / 5.000E+00 2.345E+01 meV; Val= 2/15
 Epoch     13/   200; Mu= 1.E-01; Perform= 4.811E+00 1.930E+01 / 5.070E+00 2.347E+01 meV; Val= 3/15
 Epoch     14/   200; Mu= 1.E-01; Perform= 4.764E+00 1.906E+01 / 5.164E+00 2.362E+01 meV; Val= 4/15
 Epoch     15/   200; Mu= 1.E-01; Perform= 4.721E+00 1.886E+01 / 5.308E+00 2.403E+01 meV; Val= 5/15
 Epoch     16/   200; Mu= 1.E-01; Perform= 4.681E+00 1.865E+01 / 5.514E+00 2.483E+01 meV; Val= 6/15
 Epoch     17/   200; Mu= 1.E-01; Perform= 4.643E+00 1.845E+01 / 5.791E+00 2.597E+01 meV; Val= 7/15
 Epoch     18/   200; Mu= 1.E-01; Perform= 4.607E+00 1.824E+01 / 6.149E+00 2.738E+01 meV; Val= 8/15
 Epoch     19/   200; Mu= 1.E-01; Perform= 4.573E+00 1.804E+01 / 6.618E+00 2.908E+01 meV; Val= 9/15
 Epoch     20/   200; Mu= 1.E-01; Perform= 4.542E+00 1.786E+01 / 7.198E+00 3.103E+01 meV; Val=10/15
 Epoch     21/   200; Mu= 1.E-01; Perform= 4.514E+00 1.769E+01 / 7.823E+00 3.298E+01 meV; Val=11/15
 Epoch     22/   200; Mu= 1.E-01; Perform= 4.488E+00 1.754E+01 / 8.401E+00 3.458E+01 meV; Val=12/15
 Epoch     23/   200; Mu= 1.E-01; Perform= 4.464E+00 1.741E+01 / 8.831E+00 3.550E+01 meV; Val=13/15
 Epoch     24/   200; Mu= 1.E-01; Perform= 4.441E+00 1.730E+01 / 9.015E+00 3.548E+01 meV; Val=14/15
 Epoch     25/   200; Mu= 1.E-01; Perform= 4.416E+00 1.721E+01 / 8.944E+00 3.454E+01 meV; Val= 0/15
 Epoch     26/   200; Mu= 1.E-01; Perform= 4.389E+00 1.714E+01 / 8.898E+00 3.346E+01 meV; Val= 0/15
 Epoch     27/   200; Mu= 1.E-01; Perform= 4.361E+00 1.706E+01 / 9.399E+00 3.357E+01 meV; Val= 1/15
 Epoch     28/   200; Mu= 1.E-01; Perform= 4.333E+00 1.698E+01 / 1.051E+01 3.480E+01 meV; Val= 2/15
 Epoch     29/   200; Mu= 1.E-01; Perform= 4.307E+00 1.689E+01 / 1.238E+01 3.747E+01 meV; Val= 3/15
 Epoch     30/   200; Mu= 1.E-01; Perform= 4.285E+00 1.678E+01 / 1.497E+01 4.166E+01 meV; Val= 4/15
 Epoch     31/   200; Mu= 1.E-01; Perform= 4.266E+00 1.668E+01 / 1.827E+01 4.767E+01 meV; Val= 5/15
 Epoch     32/   200; Mu= 1.E-01; Perform= 4.248E+00 1.659E+01 / 2.230E+01 5.635E+01 meV; Val= 6/15
 Epoch     33/   200; Mu= 1.E-01; Perform= 4.232E+00 1.649E+01 / 2.651E+01 6.814E+01 meV; Val= 7/15
 Epoch     34/   200; Mu= 1.E-01; Perform= 4.216E+00 1.641E+01 / 2.955E+01 8.067E+01 meV; Val= 8/15
 Epoch     35/   200; Mu= 1.E-01; Perform= 4.203E+00 1.634E+01 / 3.078E+01 9.002E+01 meV; Val= 9/15
 Epoch     36/   200; Mu= 1.E-01; Perform= 4.191E+00 1.627E+01 / 3.099E+01 9.663E+01 meV; Val=10/15
 Epoch     37/   200; Mu= 1.E-01; Perform= 4.180E+00 1.620E+01 / 3.078E+01 1.019E+02 meV; Val= 0/15
 Epoch     38/   200; Mu= 1.E-01; Perform= 4.169E+00 1.614E+01 / 3.041E+01 1.066E+02 meV; Val= 0/15
 Epoch     39/   200; Mu= 1.E-01; Perform= 4.160E+00 1.609E+01 / 3.001E+01 1.110E+02 meV; Val= 0/15
 Epoch     40/   200; Mu= 1.E-01; Perform= 4.150E+00 1.603E+01 / 2.965E+01 1.153E+02 meV; Val= 0/15
 Epoch     41/   200; Mu= 1.E-01; Perform= 4.142E+00 1.599E+01 / 2.934E+01 1.196E+02 meV; Val= 0/15
 Epoch     42/   200; Mu= 1.E-01; Perform= 4.134E+00 1.594E+01 / 2.909E+01 1.239E+02 meV; Val= 0/15
 Epoch     43/   200; Mu= 1.E-01; Perform= 4.126E+00 1.590E+01 / 2.888E+01 1.279E+02 meV; Val= 0/15
 Epoch     44/   200; Mu= 1.E-01; Perform= 4.118E+00 1.586E+01 / 2.869E+01 1.319E+02 meV; Val= 0/15
 Epoch     45/   200; Mu= 1.E-01; Perform= 4.111E+00 1.582E+01 / 2.851E+01 1.356E+02 meV; Val= 0/15
 Epoch     46/   200; Mu= 1.E-01; Perform= 4.104E+00 1.578E+01 / 2.833E+01 1.390E+02 meV; Val= 0/15
 Epoch     47/   200; Mu= 1.E-01; Perform= 4.098E+00 1.574E+01 / 2.813E+01 1.423E+02 meV; Val= 0/15
 Epoch     48/   200; Mu= 1.E-01; Perform= 4.091E+00 1.570E+01 / 2.792E+01 1.453E+02 meV; Val= 0/15
 Epoch     49/   200; Mu= 1.E-01; Perform= 4.085E+00 1.566E+01 / 2.769E+01 1.481E+02 meV; Val= 0/15
 Epoch     50/   200; Mu= 1.E-01; Perform= 4.079E+00 1.563E+01 / 2.744E+01 1.507E+02 meV; Val= 0/15
 Epoch     51/   200; Mu= 1.E-01; Perform= 4.073E+00 1.559E+01 / 2.717E+01 1.532E+02 meV; Val= 0/15
 Epoch     52/   200; Mu= 1.E-01; Perform= 4.067E+00 1.555E+01 / 2.687E+01 1.555E+02 meV; Val= 0/15
 Epoch     53/   200; Mu= 1.E-01; Perform= 4.062E+00 1.552E+01 / 2.654E+01 1.576E+02 meV; Val= 0/15
 Epoch     54/   200; Mu= 1.E-01; Perform= 4.056E+00 1.548E+01 / 2.619E+01 1.596E+02 meV; Val= 0/15
 Epoch     55/   200; Mu= 1.E-01; Perform= 4.051E+00 1.544E+01 / 2.581E+01 1.614E+02 meV; Val= 0/15
 Epoch     56/   200; Mu= 1.E-01; Perform= 4.045E+00 1.541E+01 / 2.541E+01 1.630E+02 meV; Val= 0/15
 Epoch     57/   200; Mu= 1.E-01; Perform= 4.040E+00 1.538E+01 / 2.498E+01 1.645E+02 meV; Val= 0/15
 Epoch     58/   200; Mu= 1.E-01; Perform= 4.035E+00 1.534E+01 / 2.454E+01 1.657E+02 meV; Val= 0/15
 Epoch     59/   200; Mu= 1.E-01; Perform= 4.030E+00 1.531E+01 / 2.408E+01 1.667E+02 meV; Val= 0/15
 Epoch     60/   200; Mu= 1.E-01; Perform= 4.026E+00 1.528E+01 / 2.362E+01 1.675E+02 meV; Val= 0/15
 Epoch     61/   200; Mu= 1.E-01; Perform= 4.021E+00 1.524E+01 / 2.316E+01 1.682E+02 meV; Val= 0/15
 Epoch     62/   200; Mu= 1.E-01; Perform= 4.017E+00 1.521E+01 / 2.271E+01 1.687E+02 meV; Val= 0/15
 Epoch     63/   200; Mu= 1.E-01; Perform= 4.012E+00 1.518E+01 / 2.228E+01 1.691E+02 meV; Val= 0/15
 Epoch     64/   200; Mu= 1.E-01; Perform= 4.008E+00 1.515E+01 / 2.186E+01 1.694E+02 meV; Val= 0/15
 Epoch     65/   200; Mu= 1.E-01; Perform= 4.004E+00 1.512E+01 / 2.146E+01 1.697E+02 meV; Val= 0/15
 Epoch     66/   200; Mu= 1.E-01; Perform= 3.999E+00 1.509E+01 / 2.108E+01 1.699E+02 meV; Val= 0/15
 Epoch     67/   200; Mu= 1.E-01; Perform= 3.995E+00 1.506E+01 / 2.071E+01 1.701E+02 meV; Val= 0/15
 Epoch     68/   200; Mu= 1.E-01; Perform= 3.992E+00 1.504E+01 / 2.037E+01 1.704E+02 meV; Val= 0/15
 Epoch     69/   200; Mu= 1.E-01; Perform= 3.988E+00 1.501E+01 / 2.004E+01 1.706E+02 meV; Val= 0/15
 Epoch     70/   200; Mu= 1.E-01; Perform= 3.984E+00 1.498E+01 / 1.973E+01 1.709E+02 meV; Val= 0/15
 Epoch     71/   200; Mu= 1.E-01; Perform= 3.980E+00 1.495E+01 / 1.944E+01 1.711E+02 meV; Val= 0/15
 Epoch     72/   200; Mu= 1.E-01; Perform= 3.977E+00 1.493E+01 / 1.916E+01 1.715E+02 meV; Val= 0/15
 Epoch     73/   200; Mu= 1.E-01; Perform= 3.973E+00 1.490E+01 / 1.891E+01 1.718E+02 meV; Val= 0/15
 Epoch     74/   200; Mu= 1.E-01; Perform= 3.970E+00 1.488E+01 / 1.867E+01 1.722E+02 meV; Val= 0/15
 Epoch     75/   200; Mu= 1.E-01; Perform= 3.967E+00 1.485E+01 / 1.846E+01 1.726E+02 meV; Val= 0/15
 Epoch     76/   200; Mu= 1.E-01; Perform= 3.963E+00 1.483E+01 / 1.826E+01 1.731E+02 meV; Val= 0/15
 Epoch     77/   200; Mu= 1.E-01; Perform= 3.960E+00 1.481E+01 / 1.808E+01 1.736E+02 meV; Val= 0/15
 Epoch     78/   200; Mu= 1.E-01; Perform= 3.957E+00 1.479E+01 / 1.792E+01 1.742E+02 meV; Val= 0/15
 Epoch     79/   200; Mu= 1.E-01; Perform= 3.954E+00 1.476E+01 / 1.778E+01 1.748E+02 meV; Val= 0/15
 Epoch     80/   200; Mu= 1.E-01; Perform= 3.951E+00 1.474E+01 / 1.765E+01 1.755E+02 meV; Val= 0/15
 Epoch     81/   200; Mu= 1.E-01; Perform= 3.948E+00 1.472E+01 / 1.753E+01 1.762E+02 meV; Val= 0/15
 Epoch     82/   200; Mu= 1.E-01; Perform= 3.945E+00 1.470E+01 / 1.743E+01 1.769E+02 meV; Val= 0/15
 Epoch     83/   200; Mu= 1.E-01; Perform= 3.943E+00 1.468E+01 / 1.734E+01 1.776E+02 meV; Val= 0/15
 Epoch     84/   200; Mu= 1.E-01; Perform= 3.940E+00 1.466E+01 / 1.726E+01 1.784E+02 meV; Val= 0/15
 Epoch     85/   200; Mu= 1.E-02; Perform= 3.939E+00 1.468E+01 / 1.670E+01 1.839E+02 meV; Val= 0/15
 Epoch     86/   200; Mu= 1.E-02; Perform= 3.915E+00 1.449E+01 / 1.663E+01 1.895E+02 meV; Val= 0/15
 Epoch     87/   200; Mu= 1.E-02; Perform= 3.898E+00 1.437E+01 / 1.648E+01 1.921E+02 meV; Val= 0/15
 Epoch     88/   200; Mu= 1.E-02; Perform= 3.882E+00 1.425E+01 / 1.637E+01 1.928E+02 meV; Val= 0/15
 Epoch     89/   200; Mu= 1.E-02; Perform= 3.867E+00 1.414E+01 / 1.624E+01 1.910E+02 meV; Val= 0/15
 Epoch     90/   200; Mu= 1.E-02; Perform= 3.852E+00 1.404E+01 / 1.611E+01 1.869E+02 meV; Val= 0/15
 Epoch     91/   200; Mu= 1.E-02; Perform= 3.839E+00 1.393E+01 / 1.595E+01 1.806E+02 meV; Val= 0/15
 Epoch     92/   200; Mu= 1.E-02; Perform= 3.827E+00 1.383E+01 / 1.572E+01 1.729E+02 meV; Val= 0/15
 Epoch     93/   200; Mu= 1.E-02; Perform= 3.816E+00 1.373E+01 / 1.538E+01 1.640E+02 meV; Val= 0/15
 Epoch     94/   200; Mu= 1.E-02; Perform= 3.806E+00 1.365E+01 / 1.493E+01 1.543E+02 meV; Val= 0/15
 Epoch     95/   200; Mu= 1.E-02; Perform= 3.796E+00 1.357E+01 / 1.451E+01 1.453E+02 meV; Val= 0/15
 Epoch     96/   200; Mu= 1.E-02; Perform= 3.786E+00 1.351E+01 / 1.429E+01 1.390E+02 meV; Val= 0/15
 Epoch     97/   200; Mu= 1.E-02; Perform= 3.776E+00 1.345E+01 / 1.443E+01 1.370E+02 meV; Val= 1/15
 Epoch     98/   200; Mu= 1.E-02; Perform= 3.768E+00 1.340E+01 / 1.492E+01 1.392E+02 meV; Val= 2/15
 Epoch     99/   200; Mu= 1.E-02; Perform= 3.759E+00 1.334E+01 / 1.566E+01 1.441E+02 meV; Val= 3/15
 Epoch    100/   200; Mu= 1.E-02; Perform= 3.751E+00 1.329E+01 / 1.651E+01 1.504E+02 meV; Val= 4/15
 Epoch    101/   200; Mu= 1.E-02; Perform= 3.743E+00 1.323E+01 / 1.734E+01 1.573E+02 meV; Val= 5/15
 Epoch    102/   200; Mu= 1.E-02; Perform= 3.736E+00 1.318E+01 / 1.807E+01 1.642E+02 meV; Val= 6/15
 Epoch    103/   200; Mu= 1.E-02; Perform= 3.730E+00 1.313E+01 / 1.868E+01 1.706E+02 meV; Val= 7/15
 Epoch    104/   200; Mu= 1.E-02; Perform= 3.723E+00 1.309E+01 / 1.915E+01 1.764E+02 meV; Val= 8/15
 Epoch    105/   200; Mu= 1.E-02; Perform= 3.717E+00 1.304E+01 / 1.949E+01 1.816E+02 meV; Val= 9/15
 Epoch    106/   200; Mu= 1.E-02; Perform= 3.711E+00 1.300E+01 / 1.973E+01 1.861E+02 meV; Val=10/15
 Epoch    107/   200; Mu= 1.E-02; Perform= 3.705E+00 1.297E+01 / 1.991E+01 1.899E+02 meV; Val=11/15
 Epoch    108/   200; Mu= 1.E-02; Perform= 3.700E+00 1.293E+01 / 2.003E+01 1.930E+02 meV; Val=12/15
 Epoch    109/   200; Mu= 1.E-02; Perform= 3.694E+00 1.290E+01 / 2.009E+01 1.954E+02 meV; Val=13/15
 Epoch    110/   200; Mu= 1.E-02; Perform= 3.689E+00 1.287E+01 / 2.009E+01 1.971E+02 meV; Val= 0/15
 Epoch    111/   200; Mu= 1.E-02; Perform= 3.684E+00 1.285E+01 / 1.999E+01 1.981E+02 meV; Val= 0/15
 Epoch    112/   200; Mu= 1.E-02; Perform= 3.679E+00 1.282E+01 / 1.979E+01 1.985E+02 meV; Val= 0/15
 Epoch    113/   200; Mu= 1.E-02; Perform= 3.674E+00 1.280E+01 / 1.951E+01 1.987E+02 meV; Val= 0/15
 Epoch    114/   200; Mu= 1.E-02; Perform= 3.670E+00 1.277E+01 / 1.916E+01 1.986E+02 meV; Val= 0/15
 Epoch    115/   200; Mu= 1.E-02; Perform= 3.665E+00 1.275E+01 / 1.878E+01 1.985E+02 meV; Val= 0/15
 Epoch    116/   200; Mu= 1.E-02; Perform= 3.661E+00 1.272E+01 / 1.840E+01 1.985E+02 meV; Val= 0/15
 Epoch    117/   200; Mu= 1.E-02; Perform= 3.656E+00 1.270E+01 / 1.804E+01 1.984E+02 meV; Val= 0/15
 Epoch    118/   200; Mu= 1.E-02; Perform= 3.652E+00 1.267E+01 / 1.771E+01 1.984E+02 meV; Val= 0/15
 Epoch    119/   200; Mu= 1.E-02; Perform= 3.648E+00 1.264E+01 / 1.743E+01 1.984E+02 meV; Val= 0/15
 Epoch    120/   200; Mu= 1.E-02; Perform= 3.644E+00 1.262E+01 / 1.721E+01 1.984E+02 meV; Val= 0/15
 Epoch    121/   200; Mu= 1.E-02; Perform= 3.640E+00 1.259E+01 / 1.704E+01 1.983E+02 meV; Val= 0/15
 Epoch    122/   200; Mu= 1.E-02; Perform= 3.637E+00 1.256E+01 / 1.691E+01 1.980E+02 meV; Val= 0/15
 Epoch    123/   200; Mu= 1.E-02; Perform= 3.633E+00 1.254E+01 / 1.684E+01 1.976E+02 meV; Val= 0/15
 Epoch    124/   200; Mu= 1.E-02; Perform= 3.629E+00 1.252E+01 / 1.680E+01 1.971E+02 meV; Val= 0/15
 Epoch    125/   200; Mu= 1.E-02; Perform= 3.626E+00 1.249E+01 / 1.681E+01 1.964E+02 meV; Val= 1/15
 Epoch    126/   200; Mu= 1.E-02; Perform= 3.623E+00 1.247E+01 / 1.684E+01 1.957E+02 meV; Val= 2/15
 Epoch    127/   200; Mu= 1.E-02; Perform= 3.619E+00 1.245E+01 / 1.689E+01 1.949E+02 meV; Val= 3/15
 Epoch    128/   200; Mu= 1.E-02; Perform= 3.616E+00 1.243E+01 / 1.697E+01 1.943E+02 meV; Val= 4/15
 Epoch    129/   200; Mu= 1.E-02; Perform= 3.613E+00 1.241E+01 / 1.706E+01 1.938E+02 meV; Val= 5/15
 Epoch    130/   200; Mu= 1.E-02; Perform= 3.610E+00 1.239E+01 / 1.715E+01 1.936E+02 meV; Val= 6/15
 Epoch    131/   200; Mu= 1.E-02; Perform= 3.607E+00 1.237E+01 / 1.725E+01 1.936E+02 meV; Val= 7/15
 Epoch    132/   200; Mu= 1.E-02; Perform= 3.603E+00 1.235E+01 / 1.735E+01 1.938E+02 meV; Val= 8/15
 Epoch    133/   200; Mu= 1.E-02; Perform= 3.600E+00 1.233E+01 / 1.746E+01 1.943E+02 meV; Val= 9/15
 Epoch    134/   200; Mu= 1.E-02; Perform= 3.597E+00 1.231E+01 / 1.756E+01 1.949E+02 meV; Val=10/15
 Epoch    135/   200; Mu= 1.E-02; Perform= 3.594E+00 1.229E+01 / 1.768E+01 1.955E+02 meV; Val=11/15
 Epoch    136/   200; Mu= 1.E-02; Perform= 3.591E+00 1.227E+01 / 1.779E+01 1.962E+02 meV; Val=12/15
 Epoch    137/   200; Mu= 1.E-02; Perform= 3.588E+00 1.225E+01 / 1.789E+01 1.968E+02 meV; Val=13/15
 Epoch    138/   200; Mu= 1.E-02; Perform= 3.586E+00 1.223E+01 / 1.799E+01 1.973E+02 meV; Val=14/15
 Epoch    139/   200; Mu= 1.E-02; Perform= 3.583E+00 1.222E+01 / 1.807E+01 1.978E+02 meV; Val=15/15
 Total rmse_05=  63.4352 meV; Total force rmse_=  24.1961 meV/angstrom; train=  12.5156; validation= 197.0547force train=  17.5625; force validation=  55.4845
 2025/07/27  19:02:38.08
