 Fitting the PES based on the embedded atom neural network
 Based on the idea of embeeding atomic method
 done: readinput
 done: allocate_all
 done: get_index
 1   84   84
 1 7685  | 7685
 done: readcoor
 the total parameter: allnw=        6150
 the total wave parameter: wave_allnw=         297
 number of configurations used for training        6916
 number of AtNN           1
 number of neuron of output layer           1
        1.00000000       10.00000000
 maximal angular moment L           2
 number of GTO-type radial function    10    10    10
      9    84   252  7685
 Ru      33   30   30    1
 C       33   30   30    1
 O       33   30   30    1
 2025/10/17  21:14:21.99
 Epoch      1/   200; Mu= 1.E-01; Perform= 2.003E+01 1.371E+02 / 2.031E+01 1.401E+02 meV; Val= 0/15
 Epoch      2/   200; Mu= 1.E-02; Perform= 1.980E+01 1.390E+02 / 1.986E+01 1.423E+02 meV; Val= 0/15
 Epoch      3/   200; Mu= 1.E-01; Perform= 1.740E+01 1.147E+02 / 1.797E+01 1.248E+02 meV; Val= 0/15
 Epoch      4/   200; Mu= 1.E-01; Perform= 1.664E+01 1.023E+02 / 1.742E+01 1.130E+02 meV; Val= 0/15
 Epoch      5/   200; Mu= 1.E-01; Perform= 1.645E+01 1.037E+02 / 1.704E+01 1.107E+02 meV; Val= 0/15
 Epoch      6/   200; Mu= 1.E-01; Perform= 1.586E+01 9.516E+01 / 1.542E+01 8.938E+01 meV; Val= 0/15
 Epoch      7/   200; Mu= 1.E-01; Perform= 1.554E+01 8.935E+01 / 1.558E+01 8.832E+01 meV; Val= 1/15
 Epoch      8/   200; Mu= 1.E-01; Perform= 1.518E+01 8.717E+01 / 1.623E+01 9.419E+01 meV; Val= 2/15
 Epoch      9/   200; Mu= 1.E-01; Perform= 1.473E+01 8.518E+01 / 1.525E+01 8.701E+01 meV; Val= 0/15
 Epoch     10/   200; Mu= 1.E+00; Perform= 1.264E+01 6.621E+01 / 1.292E+01 7.119E+01 meV; Val= 0/15
 Epoch     11/   200; Mu= 1.E+00; Perform= 1.146E+01 6.115E+01 / 1.215E+01 6.646E+01 meV; Val= 0/15
 Epoch     12/   200; Mu= 1.E+00; Perform= 1.071E+01 5.654E+01 / 1.128E+01 6.283E+01 meV; Val= 0/15
 Epoch     13/   200; Mu= 1.E-01; Perform= 1.042E+01 5.613E+01 / 1.164E+01 6.561E+01 meV; Val= 1/15
 Epoch     14/   200; Mu= 1.E-01; Perform= 1.016E+01 5.467E+01 / 1.075E+01 6.037E+01 meV; Val= 0/15
 Epoch     15/   200; Mu= 1.E-01; Perform= 9.663E+00 4.993E+01 / 1.069E+01 5.853E+01 meV; Val= 0/15
 Epoch     16/   200; Mu= 1.E-01; Perform= 9.085E+00 4.752E+01 / 9.873E+00 5.608E+01 meV; Val= 0/15
 Epoch     17/   200; Mu= 1.E-01; Perform= 8.292E+00 4.399E+01 / 9.239E+00 5.332E+01 meV; Val= 0/15
 Epoch     18/   200; Mu= 1.E-01; Perform= 7.908E+00 4.202E+01 / 8.835E+00 5.031E+01 meV; Val= 0/15
 Epoch     19/   200; Mu= 1.E-01; Perform= 7.686E+00 4.056E+01 / 8.737E+00 4.919E+01 meV; Val= 0/15
 Epoch     20/   200; Mu= 1.E-01; Perform= 7.544E+00 3.972E+01 / 8.666E+00 4.868E+01 meV; Val= 0/15
 Epoch     21/   200; Mu= 1.E-01; Perform= 7.431E+00 3.897E+01 / 8.659E+00 4.832E+01 meV; Val= 0/15
 Epoch     22/   200; Mu= 1.E-01; Perform= 7.333E+00 3.832E+01 / 8.657E+00 4.824E+01 meV; Val= 0/15
 Epoch     23/   200; Mu= 1.E-01; Perform= 7.248E+00 3.773E+01 / 8.658E+00 4.809E+01 meV; Val= 1/15
 Epoch     24/   200; Mu= 1.E-01; Perform= 7.172E+00 3.719E+01 / 8.657E+00 4.788E+01 meV; Val= 0/15
 Epoch     25/   200; Mu= 1.E-01; Perform= 7.103E+00 3.669E+01 / 8.649E+00 4.763E+01 meV; Val= 0/15
 Epoch     26/   200; Mu= 1.E-01; Perform= 7.040E+00 3.622E+01 / 8.637E+00 4.733E+01 meV; Val= 0/15
 Epoch     27/   200; Mu= 1.E-01; Perform= 6.983E+00 3.578E+01 / 8.621E+00 4.706E+01 meV; Val= 0/15
 Epoch     28/   200; Mu= 1.E-01; Perform= 6.930E+00 3.537E+01 / 8.605E+00 4.683E+01 meV; Val= 0/15
 Epoch     29/   200; Mu= 1.E-02; Perform= 6.908E+00 3.635E+01 / 8.652E+00 4.830E+01 meV; Val= 1/15
 Epoch     30/   200; Mu= 1.E-02; Perform= 6.614E+00 3.325E+01 / 8.708E+00 4.967E+01 meV; Val= 2/15
 Epoch     31/   200; Mu= 1.E-02; Perform= 6.452E+00 3.195E+01 / 8.932E+00 5.015E+01 meV; Val= 3/15
 Epoch     32/   200; Mu= 1.E-02; Perform= 6.329E+00 3.105E+01 / 9.102E+00 5.045E+01 meV; Val= 4/15
 Epoch     33/   200; Mu= 1.E-02; Perform= 6.240E+00 3.028E+01 / 9.395E+00 5.126E+01 meV; Val= 5/15
 Epoch     34/   200; Mu= 1.E-02; Perform= 6.140E+00 2.945E+01 / 9.570E+00 5.158E+01 meV; Val= 6/15
 Epoch     35/   200; Mu= 1.E-02; Perform= 6.065E+00 2.886E+01 / 9.759E+00 5.169E+01 meV; Val= 7/15
 Epoch     36/   200; Mu= 1.E-02; Perform= 5.993E+00 2.835E+01 / 9.835E+00 5.198E+01 meV; Val= 8/15
 Epoch     37/   200; Mu= 1.E-02; Perform= 5.929E+00 2.779E+01 / 9.917E+00 5.206E+01 meV; Val= 9/15
 Epoch     38/   200; Mu= 1.E-02; Perform= 5.870E+00 2.726E+01 / 9.915E+00 5.244E+01 meV; Val= 0/15
 Epoch     39/   200; Mu= 1.E-02; Perform= 5.816E+00 2.680E+01 / 9.921E+00 5.172E+01 meV; Val= 1/15
 Epoch     40/   200; Mu= 1.E-02; Perform= 5.769E+00 2.639E+01 / 9.859E+00 5.109E+01 meV; Val= 0/15
 Epoch     41/   200; Mu= 1.E-02; Perform= 5.723E+00 2.602E+01 / 9.806E+00 5.003E+01 meV; Val= 0/15
 Epoch     42/   200; Mu= 1.E-02; Perform= 5.684E+00 2.568E+01 / 9.733E+00 4.931E+01 meV; Val= 0/15
 Epoch     43/   200; Mu= 1.E-02; Perform= 5.648E+00 2.540E+01 / 9.698E+00 4.865E+01 meV; Val= 0/15
 Epoch     44/   200; Mu= 1.E-02; Perform= 5.617E+00 2.514E+01 / 9.694E+00 4.827E+01 meV; Val= 0/15
 Epoch     45/   200; Mu= 1.E-02; Perform= 5.589E+00 2.492E+01 / 9.738E+00 4.800E+01 meV; Val= 1/15
 Epoch     46/   200; Mu= 1.E-02; Perform= 5.563E+00 2.470E+01 / 9.803E+00 4.794E+01 meV; Val= 2/15
 Epoch     47/   200; Mu= 1.E-02; Perform= 5.539E+00 2.451E+01 / 9.886E+00 4.795E+01 meV; Val= 3/15
 Epoch     48/   200; Mu= 1.E-02; Perform= 5.518E+00 2.433E+01 / 9.968E+00 4.804E+01 meV; Val= 4/15
 Epoch     49/   200; Mu= 1.E-02; Perform= 5.497E+00 2.415E+01 / 1.005E+01 4.815E+01 meV; Val= 5/15
 Epoch     50/   200; Mu= 1.E-02; Perform= 5.477E+00 2.399E+01 / 1.012E+01 4.831E+01 meV; Val= 6/15
 Epoch     51/   200; Mu= 1.E-02; Perform= 5.458E+00 2.383E+01 / 1.018E+01 4.851E+01 meV; Val= 7/15
 Epoch     52/   200; Mu= 1.E-02; Perform= 5.439E+00 2.367E+01 / 1.024E+01 4.879E+01 meV; Val= 8/15
 Epoch     53/   200; Mu= 1.E-02; Perform= 5.421E+00 2.352E+01 / 1.030E+01 4.912E+01 meV; Val= 9/15
 Epoch     54/   200; Mu= 1.E-02; Perform= 5.404E+00 2.338E+01 / 1.036E+01 4.953E+01 meV; Val=10/15
 Epoch     55/   200; Mu= 1.E-02; Perform= 5.387E+00 2.326E+01 / 1.041E+01 4.998E+01 meV; Val=11/15
 Epoch     56/   200; Mu= 1.E-02; Perform= 5.371E+00 2.314E+01 / 1.047E+01 5.044E+01 meV; Val=12/15
 Epoch     57/   200; Mu= 1.E-02; Perform= 5.356E+00 2.304E+01 / 1.052E+01 5.087E+01 meV; Val=13/15
 Epoch     58/   200; Mu= 1.E-02; Perform= 5.342E+00 2.294E+01 / 1.057E+01 5.124E+01 meV; Val=14/15
 Epoch     59/   200; Mu= 1.E-02; Perform= 5.328E+00 2.286E+01 / 1.061E+01 5.152E+01 meV; Val=15/15
 Total rmse_01=  28.3183 meV; Total force rmse_=  29.5401 meV/angstrom; train=  25.1408; validation=  48.2659force train=  27.0579; force validation=  46.2184
 2025/10/18  00:58:00.16
 2025/10/18  00:58:00.16
 Epoch      1/   200; Mu= 1.E-02; Perform= 1.989E+01 1.343E+02 / 2.027E+01 1.519E+02 meV; Val= 0/15
 Epoch      2/   200; Mu= 1.E-01; Perform= 1.833E+01 1.178E+02 / 1.867E+01 1.362E+02 meV; Val= 0/15
 Epoch      3/   200; Mu= 1.E-01; Perform= 1.770E+01 1.115E+02 / 1.792E+01 1.193E+02 meV; Val= 0/15
 Epoch      4/   200; Mu= 1.E-01; Perform= 1.757E+01 1.132E+02 / 1.786E+01 1.223E+02 meV; Val= 0/15
 Epoch      5/   200; Mu= 1.E-01; Perform= 1.581E+01 9.621E+01 / 1.588E+01 1.062E+02 meV; Val= 0/15
 Epoch      6/   200; Mu= 1.E+00; Perform= 1.419E+01 8.239E+01 / 1.448E+01 8.519E+01 meV; Val= 0/15
 Epoch      7/   200; Mu= 1.E+00; Perform= 1.320E+01 7.475E+01 / 1.345E+01 7.788E+01 meV; Val= 0/15
 Epoch      8/   200; Mu= 1.E+00; Perform= 1.193E+01 6.788E+01 / 1.272E+01 6.867E+01 meV; Val= 0/15
 Epoch      9/   200; Mu= 1.E+00; Perform= 1.116E+01 6.374E+01 / 1.231E+01 6.354E+01 meV; Val= 0/15
 Epoch     10/   200; Mu= 1.E+00; Perform= 1.071E+01 6.163E+01 / 1.223E+01 6.263E+01 meV; Val= 0/15
 Epoch     11/   200; Mu= 1.E-01; Perform= 1.065E+01 6.013E+01 / 1.152E+01 6.075E+01 meV; Val= 0/15
 Epoch     12/   200; Mu= 1.E-01; Perform= 1.028E+01 5.870E+01 / 1.134E+01 5.940E+01 meV; Val= 0/15
 Epoch     13/   200; Mu= 1.E-01; Perform= 9.744E+00 5.402E+01 / 1.104E+01 6.052E+01 meV; Val= 0/15
 Epoch     14/   200; Mu= 1.E-01; Perform= 9.283E+00 5.246E+01 / 1.070E+01 5.386E+01 meV; Val= 0/15
 Epoch     15/   200; Mu= 1.E-01; Perform= 8.642E+00 4.690E+01 / 1.004E+01 5.242E+01 meV; Val= 0/15
 Epoch     16/   200; Mu= 1.E-01; Perform= 8.134E+00 4.460E+01 / 9.778E+00 4.977E+01 meV; Val= 0/15
 Epoch     17/   200; Mu= 1.E-01; Perform= 7.793E+00 4.225E+01 / 9.444E+00 4.952E+01 meV; Val= 0/15
 Epoch     18/   200; Mu= 1.E-01; Perform= 7.632E+00 4.110E+01 / 9.294E+00 4.909E+01 meV; Val= 0/15
 Epoch     19/   200; Mu= 1.E-01; Perform= 7.509E+00 4.014E+01 / 9.197E+00 4.892E+01 meV; Val= 0/15
 Epoch     20/   200; Mu= 1.E-01; Perform= 7.403E+00 3.934E+01 / 9.118E+00 4.870E+01 meV; Val= 0/15
 Epoch     21/   200; Mu= 1.E-01; Perform= 7.313E+00 3.862E+01 / 9.050E+00 4.840E+01 meV; Val= 0/15
 Epoch     22/   200; Mu= 1.E-01; Perform= 7.233E+00 3.800E+01 / 8.991E+00 4.814E+01 meV; Val= 0/15
 Epoch     23/   200; Mu= 1.E-01; Perform= 7.162E+00 3.741E+01 / 8.934E+00 4.788E+01 meV; Val= 0/15
 Epoch     24/   200; Mu= 1.E-01; Perform= 7.099E+00 3.687E+01 / 8.881E+00 4.766E+01 meV; Val= 0/15
 Epoch     25/   200; Mu= 1.E-02; Perform= 7.080E+00 3.745E+01 / 8.802E+00 4.813E+01 meV; Val= 0/15
 Epoch     26/   200; Mu= 1.E-02; Perform= 6.814E+00 3.499E+01 / 8.627E+00 4.853E+01 meV; Val= 0/15
 Epoch     27/   200; Mu= 1.E-02; Perform= 6.577E+00 3.246E+01 / 8.443E+00 4.654E+01 meV; Val= 0/15
 Epoch     28/   200; Mu= 1.E-02; Perform= 6.450E+00 3.157E+01 / 8.295E+00 4.603E+01 meV; Val= 0/15
 Epoch     29/   200; Mu= 1.E-02; Perform= 6.305E+00 3.027E+01 / 8.198E+00 4.484E+01 meV; Val= 0/15
 Epoch     30/   200; Mu= 1.E-02; Perform= 6.227E+00 2.980E+01 / 8.155E+00 4.528E+01 meV; Val= 0/15
 Epoch     31/   200; Mu= 1.E-02; Perform= 6.118E+00 2.886E+01 / 8.099E+00 4.507E+01 meV; Val= 0/15
 Epoch     32/   200; Mu= 1.E-02; Perform= 6.027E+00 2.810E+01 / 8.064E+00 4.506E+01 meV; Val= 0/15
 Epoch     33/   200; Mu= 1.E-02; Perform= 5.954E+00 2.751E+01 / 8.054E+00 4.468E+01 meV; Val= 0/15
 Epoch     34/   200; Mu= 1.E-02; Perform= 5.895E+00 2.701E+01 / 8.041E+00 4.431E+01 meV; Val= 0/15
 Epoch     35/   200; Mu= 1.E-02; Perform= 5.845E+00 2.661E+01 / 8.029E+00 4.400E+01 meV; Val= 0/15
 Epoch     36/   200; Mu= 1.E-02; Perform= 5.800E+00 2.622E+01 / 8.015E+00 4.385E+01 meV; Val= 0/15
 Epoch     37/   200; Mu= 1.E-02; Perform= 5.759E+00 2.588E+01 / 8.010E+00 4.372E+01 meV; Val= 0/15
 Epoch     38/   200; Mu= 1.E-02; Perform= 5.722E+00 2.560E+01 / 8.002E+00 4.358E+01 meV; Val= 0/15
 Epoch     39/   200; Mu= 1.E-02; Perform= 5.688E+00 2.535E+01 / 8.000E+00 4.338E+01 meV; Val= 0/15
 Epoch     40/   200; Mu= 1.E-02; Perform= 5.655E+00 2.513E+01 / 8.004E+00 4.321E+01 meV; Val= 1/15
 Epoch     41/   200; Mu= 1.E-02; Perform= 5.625E+00 2.491E+01 / 8.016E+00 4.305E+01 meV; Val= 2/15
 Epoch     42/   200; Mu= 1.E-02; Perform= 5.596E+00 2.472E+01 / 8.026E+00 4.285E+01 meV; Val= 3/15
 Epoch     43/   200; Mu= 1.E-02; Perform= 5.568E+00 2.454E+01 / 8.039E+00 4.262E+01 meV; Val= 4/15
 Epoch     44/   200; Mu= 1.E-02; Perform= 5.541E+00 2.436E+01 / 8.057E+00 4.247E+01 meV; Val= 5/15
 Epoch     45/   200; Mu= 1.E-02; Perform= 5.515E+00 2.417E+01 / 8.078E+00 4.237E+01 meV; Val= 6/15
 Epoch     46/   200; Mu= 1.E-02; Perform= 5.490E+00 2.399E+01 / 8.099E+00 4.228E+01 meV; Val= 7/15
 Epoch     47/   200; Mu= 1.E-02; Perform= 5.466E+00 2.380E+01 / 8.117E+00 4.215E+01 meV; Val= 8/15
 Epoch     48/   200; Mu= 1.E-02; Perform= 5.444E+00 2.361E+01 / 8.128E+00 4.199E+01 meV; Val= 9/15
 Epoch     49/   200; Mu= 1.E-02; Perform= 5.423E+00 2.343E+01 / 8.129E+00 4.183E+01 meV; Val=10/15
 Epoch     50/   200; Mu= 1.E-02; Perform= 5.403E+00 2.326E+01 / 8.121E+00 4.171E+01 meV; Val= 0/15
 Epoch     51/   200; Mu= 1.E-02; Perform= 5.385E+00 2.312E+01 / 8.107E+00 4.166E+01 meV; Val= 0/15
 Epoch     52/   200; Mu= 1.E-02; Perform= 5.368E+00 2.298E+01 / 8.086E+00 4.167E+01 meV; Val= 0/15
 Epoch     53/   200; Mu= 1.E-02; Perform= 5.353E+00 2.286E+01 / 8.062E+00 4.171E+01 meV; Val= 0/15
 Epoch     54/   200; Mu= 1.E-02; Perform= 5.339E+00 2.275E+01 / 8.039E+00 4.175E+01 meV; Val= 0/15
 Epoch     55/   200; Mu= 1.E-02; Perform= 5.326E+00 2.265E+01 / 8.018E+00 4.182E+01 meV; Val= 0/15
 Epoch     56/   200; Mu= 1.E-02; Perform= 5.314E+00 2.255E+01 / 8.000E+00 4.192E+01 meV; Val= 0/15
 Epoch     57/   200; Mu= 1.E-02; Perform= 5.302E+00 2.246E+01 / 7.984E+00 4.204E+01 meV; Val= 0/15
 Epoch     58/   200; Mu= 1.E-02; Perform= 5.292E+00 2.238E+01 / 7.970E+00 4.218E+01 meV; Val= 0/15
 Epoch     59/   200; Mu= 1.E-02; Perform= 5.282E+00 2.230E+01 / 7.956E+00 4.233E+01 meV; Val= 0/15
 Epoch     60/   200; Mu= 1.E-02; Perform= 5.272E+00 2.223E+01 / 7.943E+00 4.248E+01 meV; Val= 0/15
 Epoch     61/   200; Mu= 1.E-02; Perform= 5.263E+00 2.216E+01 / 7.930E+00 4.263E+01 meV; Val= 0/15
 Epoch     62/   200; Mu= 1.E-02; Perform= 5.255E+00 2.209E+01 / 7.916E+00 4.277E+01 meV; Val= 0/15
 Epoch     63/   200; Mu= 1.E-02; Perform= 5.247E+00 2.204E+01 / 7.904E+00 4.290E+01 meV; Val= 0/15
 Epoch     64/   200; Mu= 1.E-02; Perform= 5.239E+00 2.198E+01 / 7.893E+00 4.302E+01 meV; Val= 0/15
 Epoch     65/   200; Mu= 1.E-02; Perform= 5.232E+00 2.193E+01 / 7.883E+00 4.311E+01 meV; Val= 0/15
 Epoch     66/   200; Mu= 1.E-02; Perform= 5.225E+00 2.187E+01 / 7.875E+00 4.319E+01 meV; Val= 0/15
 Epoch     67/   200; Mu= 1.E-02; Perform= 5.218E+00 2.183E+01 / 7.869E+00 4.325E+01 meV; Val= 0/15
 Epoch     68/   200; Mu= 1.E-02; Perform= 5.211E+00 2.178E+01 / 7.865E+00 4.329E+01 meV; Val= 0/15
 Epoch     69/   200; Mu= 1.E-02; Perform= 5.205E+00 2.174E+01 / 7.863E+00 4.332E+01 meV; Val= 0/15
 Epoch     70/   200; Mu= 1.E-02; Perform= 5.198E+00 2.170E+01 / 7.864E+00 4.334E+01 meV; Val= 1/15
 Epoch     71/   200; Mu= 1.E-02; Perform= 5.192E+00 2.166E+01 / 7.865E+00 4.334E+01 meV; Val= 2/15
 Epoch     72/   200; Mu= 1.E-02; Perform= 5.186E+00 2.162E+01 / 7.866E+00 4.334E+01 meV; Val= 3/15
 Epoch     73/   200; Mu= 1.E-02; Perform= 5.180E+00 2.158E+01 / 7.869E+00 4.333E+01 meV; Val= 4/15
 Epoch     74/   200; Mu= 1.E-02; Perform= 5.174E+00 2.154E+01 / 7.872E+00 4.334E+01 meV; Val= 5/15
 Epoch     75/   200; Mu= 1.E-02; Perform= 5.168E+00 2.151E+01 / 7.878E+00 4.336E+01 meV; Val= 6/15
 Epoch     76/   200; Mu= 1.E-02; Perform= 5.163E+00 2.148E+01 / 7.885E+00 4.339E+01 meV; Val= 7/15
 Epoch     77/   200; Mu= 1.E-02; Perform= 5.158E+00 2.144E+01 / 7.894E+00 4.342E+01 meV; Val= 8/15
 Epoch     78/   200; Mu= 1.E-02; Perform= 5.153E+00 2.141E+01 / 7.902E+00 4.345E+01 meV; Val= 9/15
 Epoch     79/   200; Mu= 1.E-02; Perform= 5.148E+00 2.139E+01 / 7.911E+00 4.348E+01 meV; Val=10/15
 Epoch     80/   200; Mu= 1.E-02; Perform= 5.143E+00 2.136E+01 / 7.921E+00 4.351E+01 meV; Val=11/15
 Epoch     81/   200; Mu= 1.E-02; Perform= 5.139E+00 2.133E+01 / 7.931E+00 4.354E+01 meV; Val=12/15
 Epoch     82/   200; Mu= 1.E-02; Perform= 5.134E+00 2.131E+01 / 7.942E+00 4.357E+01 meV; Val=13/15
 Epoch     83/   200; Mu= 1.E-02; Perform= 5.130E+00 2.128E+01 / 7.955E+00 4.361E+01 meV; Val=14/15
 Epoch     84/   200; Mu= 1.E-02; Perform= 5.126E+00 2.126E+01 / 7.969E+00 4.364E+01 meV; Val=15/15
 Total rmse_02=  24.7603 meV; Total force rmse_=  26.6301 meV/angstrom; train=  21.7382; validation=  43.3228force train=  25.2101; force validation=  37.0301
 2025/10/18  06:14:18.98
 2025/10/18  06:14:18.98
 Epoch      1/   200; Mu= 1.E-02; Perform= 2.068E+01 1.536E+02 / 1.789E+01 1.250E+02 meV; Val= 0/15
 Epoch      2/   200; Mu= 1.E-01; Perform= 1.857E+01 1.263E+02 / 1.615E+01 1.039E+02 meV; Val= 0/15
 Epoch      3/   200; Mu= 1.E-01; Perform= 1.686E+01 1.119E+02 / 1.568E+01 1.012E+02 meV; Val= 0/15
 Epoch      4/   200; Mu= 1.E-01; Perform= 1.515E+01 9.683E+01 / 1.516E+01 1.026E+02 meV; Val= 0/15
 Epoch      5/   200; Mu= 1.E-01; Perform= 1.344E+01 8.425E+01 / 1.350E+01 8.182E+01 meV; Val= 0/15
 Epoch      6/   200; Mu= 1.E-01; Perform= 1.232E+01 7.503E+01 / 1.286E+01 8.849E+01 meV; Val= 0/15
 Epoch      7/   200; Mu= 1.E-01; Perform= 1.093E+01 6.652E+01 / 1.176E+01 7.566E+01 meV; Val= 0/15
 Epoch      8/   200; Mu= 1.E-01; Perform= 1.008E+01 5.666E+01 / 1.082E+01 6.907E+01 meV; Val= 0/15
 Epoch      9/   200; Mu= 1.E-01; Perform= 1.001E+01 5.540E+01 / 1.075E+01 6.993E+01 meV; Val= 0/15
 Epoch     10/   200; Mu= 1.E-01; Perform= 9.200E+00 5.275E+01 / 1.033E+01 6.550E+01 meV; Val= 0/15
 Epoch     11/   200; Mu= 1.E-01; Perform= 8.479E+00 4.649E+01 / 1.000E+01 6.118E+01 meV; Val= 0/15
 Epoch     12/   200; Mu= 1.E-01; Perform= 8.200E+00 4.538E+01 / 9.994E+00 6.154E+01 meV; Val= 0/15
 Epoch     13/   200; Mu= 1.E-01; Perform= 8.004E+00 4.348E+01 / 9.838E+00 6.122E+01 meV; Val= 0/15
 Epoch     14/   200; Mu= 1.E-01; Perform= 7.855E+00 4.272E+01 / 9.782E+00 6.013E+01 meV; Val= 0/15
 Epoch     15/   200; Mu= 1.E-01; Perform= 7.732E+00 4.181E+01 / 9.676E+00 5.876E+01 meV; Val= 0/15
 Epoch     16/   200; Mu= 1.E-01; Perform= 7.623E+00 4.107E+01 / 9.637E+00 5.776E+01 meV; Val= 0/15
 Epoch     17/   200; Mu= 1.E-01; Perform= 7.524E+00 4.034E+01 / 9.584E+00 5.681E+01 meV; Val= 0/15
 Epoch     18/   200; Mu= 1.E-01; Perform= 7.432E+00 3.968E+01 / 9.555E+00 5.600E+01 meV; Val= 0/15
 Epoch     19/   200; Mu= 1.E-01; Perform= 7.348E+00 3.906E+01 / 9.525E+00 5.521E+01 meV; Val= 0/15
 Epoch     20/   200; Mu= 1.E-01; Perform= 7.270E+00 3.849E+01 / 9.500E+00 5.442E+01 meV; Val= 0/15
 Epoch     21/   200; Mu= 1.E-01; Perform= 7.197E+00 3.795E+01 / 9.467E+00 5.360E+01 meV; Val= 0/15
 Epoch     22/   200; Mu= 1.E-01; Perform= 7.130E+00 3.745E+01 / 9.428E+00 5.277E+01 meV; Val= 0/15
 Epoch     23/   200; Mu= 1.E-02; Perform= 7.112E+00 3.871E+01 / 9.219E+00 4.981E+01 meV; Val= 0/15
 Epoch     24/   200; Mu= 1.E-02; Perform= 6.779E+00 3.526E+01 / 9.167E+00 5.089E+01 meV; Val= 0/15
 Epoch     25/   200; Mu= 1.E-02; Perform= 6.545E+00 3.327E+01 / 9.136E+00 5.011E+01 meV; Val= 0/15
 Epoch     26/   200; Mu= 1.E-02; Perform= 6.402E+00 3.191E+01 / 9.274E+00 5.116E+01 meV; Val= 1/15
 Epoch     27/   200; Mu= 1.E-02; Perform= 6.277E+00 3.064E+01 / 9.275E+00 5.175E+01 meV; Val= 2/15
 Epoch     28/   200; Mu= 1.E-02; Perform= 6.168E+00 2.970E+01 / 9.189E+00 5.166E+01 meV; Val= 0/15
 Epoch     29/   200; Mu= 1.E-02; Perform= 6.069E+00 2.870E+01 / 9.109E+00 5.184E+01 meV; Val= 0/15
 Epoch     30/   200; Mu= 1.E-02; Perform= 5.989E+00 2.813E+01 / 9.114E+00 5.246E+01 meV; Val= 1/15
 Epoch     31/   200; Mu= 1.E-02; Perform= 5.914E+00 2.744E+01 / 9.172E+00 5.322E+01 meV; Val= 2/15
 Epoch     32/   200; Mu= 1.E-02; Perform= 5.855E+00 2.702E+01 / 9.233E+00 5.330E+01 meV; Val= 3/15
 Epoch     33/   200; Mu= 1.E-02; Perform= 5.801E+00 2.660E+01 / 9.270E+00 5.349E+01 meV; Val= 4/15
 Epoch     34/   200; Mu= 1.E-02; Perform= 5.754E+00 2.625E+01 / 9.296E+00 5.336E+01 meV; Val= 5/15
 Epoch     35/   200; Mu= 1.E-02; Perform= 5.711E+00 2.592E+01 / 9.307E+00 5.327E+01 meV; Val= 6/15
 Epoch     36/   200; Mu= 1.E-02; Perform= 5.672E+00 2.561E+01 / 9.319E+00 5.325E+01 meV; Val= 7/15
 Epoch     37/   200; Mu= 1.E-02; Perform= 5.636E+00 2.531E+01 / 9.319E+00 5.334E+01 meV; Val= 8/15
 Epoch     38/   200; Mu= 1.E-02; Perform= 5.603E+00 2.504E+01 / 9.327E+00 5.353E+01 meV; Val= 9/15
 Epoch     39/   200; Mu= 1.E-02; Perform= 5.573E+00 2.479E+01 / 9.333E+00 5.378E+01 meV; Val=10/15
 Epoch     40/   200; Mu= 1.E-02; Perform= 5.546E+00 2.456E+01 / 9.340E+00 5.406E+01 meV; Val=11/15
 Epoch     41/   200; Mu= 1.E-02; Perform= 5.522E+00 2.437E+01 / 9.351E+00 5.445E+01 meV; Val=12/15
 Epoch     42/   200; Mu= 1.E-02; Perform= 5.501E+00 2.419E+01 / 9.365E+00 5.494E+01 meV; Val=13/15
 Epoch     43/   200; Mu= 1.E-02; Perform= 5.481E+00 2.404E+01 / 9.379E+00 5.553E+01 meV; Val=14/15
 Epoch     44/   200; Mu= 1.E-02; Perform= 5.463E+00 2.388E+01 / 9.390E+00 5.617E+01 meV; Val=15/15
 Total rmse_03=  31.7856 meV; Total force rmse_=  30.7226 meV/angstrom; train=  28.7036; validation=  51.8363force train=  29.0877; force validation=  42.7002
 2025/10/18  09:00:35.04
 2025/10/18  09:00:35.04
 Epoch      1/   200; Mu= 1.E-02; Perform= 2.053E+01 1.381E+02 / 1.844E+01 1.357E+02 meV; Val= 0/15
 Epoch      2/   200; Mu= 1.E-01; Perform= 1.934E+01 1.325E+02 / 1.771E+01 1.365E+02 meV; Val= 0/15
 Epoch      3/   200; Mu= 1.E-01; Perform= 1.797E+01 1.159E+02 / 1.569E+01 1.127E+02 meV; Val= 0/15
 Epoch      4/   200; Mu= 1.E-01; Perform= 1.694E+01 1.011E+02 / 1.516E+01 1.077E+02 meV; Val= 0/15
 Epoch      5/   200; Mu= 1.E-01; Perform= 1.686E+01 1.051E+02 / 1.533E+01 1.107E+02 meV; Val= 1/15
 Epoch      6/   200; Mu= 1.E-01; Perform= 1.575E+01 9.485E+01 / 1.452E+01 1.005E+02 meV; Val= 0/15
 Epoch      7/   200; Mu= 1.E-01; Perform= 1.555E+01 9.457E+01 / 1.452E+01 1.033E+02 meV; Val= 0/15
 Epoch      8/   200; Mu= 1.E-01; Perform= 1.450E+01 9.173E+01 / 1.294E+01 9.054E+01 meV; Val= 0/15
 Epoch      9/   200; Mu= 1.E-01; Perform= 1.272E+01 7.399E+01 / 1.224E+01 7.939E+01 meV; Val= 0/15
 Epoch     10/   200; Mu= 1.E-01; Perform= 1.214E+01 7.405E+01 / 1.135E+01 7.823E+01 meV; Val= 0/15
 Epoch     11/   200; Mu= 1.E-01; Perform= 1.040E+01 6.225E+01 / 1.084E+01 7.087E+01 meV; Val= 0/15
 Epoch     12/   200; Mu= 1.E-01; Perform= 9.210E+00 5.261E+01 / 9.333E+00 6.159E+01 meV; Val= 0/15
 Epoch     13/   200; Mu= 1.E-01; Perform= 8.535E+00 4.668E+01 / 8.754E+00 5.532E+01 meV; Val= 0/15
 Epoch     14/   200; Mu= 1.E-01; Perform= 8.373E+00 4.577E+01 / 8.642E+00 5.396E+01 meV; Val= 0/15
 Epoch     15/   200; Mu= 1.E-01; Perform= 8.055E+00 4.324E+01 / 8.381E+00 5.255E+01 meV; Val= 0/15
 Epoch     16/   200; Mu= 1.E-01; Perform= 7.805E+00 4.165E+01 / 8.205E+00 5.074E+01 meV; Val= 0/15
 Epoch     17/   200; Mu= 1.E-01; Perform= 7.642E+00 4.053E+01 / 8.110E+00 4.973E+01 meV; Val= 0/15
 Epoch     18/   200; Mu= 1.E-01; Perform= 7.515E+00 3.967E+01 / 8.031E+00 4.873E+01 meV; Val= 0/15
 Epoch     19/   200; Mu= 1.E-01; Perform= 7.409E+00 3.893E+01 / 7.956E+00 4.771E+01 meV; Val= 0/15
 Epoch     20/   200; Mu= 1.E-01; Perform= 7.316E+00 3.828E+01 / 7.892E+00 4.678E+01 meV; Val= 0/15
 Epoch     21/   200; Mu= 1.E-01; Perform= 7.233E+00 3.772E+01 / 7.837E+00 4.605E+01 meV; Val= 0/15
 Epoch     22/   200; Mu= 1.E-01; Perform= 7.159E+00 3.721E+01 / 7.793E+00 4.546E+01 meV; Val= 0/15
 Epoch     23/   200; Mu= 1.E-01; Perform= 7.092E+00 3.673E+01 / 7.759E+00 4.501E+01 meV; Val= 0/15
 Epoch     24/   200; Mu= 1.E-02; Perform= 7.071E+00 3.751E+01 / 7.731E+00 4.424E+01 meV; Val= 0/15
 Epoch     25/   200; Mu= 1.E-02; Perform= 6.781E+00 3.504E+01 / 7.627E+00 4.262E+01 meV; Val= 0/15
 Epoch     26/   200; Mu= 1.E-02; Perform= 6.623E+00 3.426E+01 / 7.552E+00 4.254E+01 meV; Val= 0/15
 Epoch     27/   200; Mu= 1.E-02; Perform= 6.399E+00 3.177E+01 / 7.471E+00 4.059E+01 meV; Val= 0/15
 Epoch     28/   200; Mu= 1.E-02; Perform= 6.250E+00 3.039E+01 / 7.400E+00 3.954E+01 meV; Val= 0/15
 Epoch     29/   200; Mu= 1.E-02; Perform= 6.131E+00 2.910E+01 / 7.329E+00 3.878E+01 meV; Val= 0/15
 Epoch     30/   200; Mu= 1.E-02; Perform= 6.044E+00 2.832E+01 / 7.298E+00 3.869E+01 meV; Val= 0/15
 Epoch     31/   200; Mu= 1.E-02; Perform= 5.978E+00 2.780E+01 / 7.257E+00 3.854E+01 meV; Val= 0/15
 Epoch     32/   200; Mu= 1.E-02; Perform= 5.912E+00 2.715E+01 / 7.256E+00 3.872E+01 meV; Val= 0/15
 Epoch     33/   200; Mu= 1.E-02; Perform= 5.852E+00 2.667E+01 / 7.244E+00 3.907E+01 meV; Val= 0/15
 Epoch     34/   200; Mu= 1.E-02; Perform= 5.796E+00 2.615E+01 / 7.272E+00 3.948E+01 meV; Val= 1/15
 Epoch     35/   200; Mu= 1.E-02; Perform= 5.746E+00 2.574E+01 / 7.278E+00 3.993E+01 meV; Val= 2/15
 Epoch     36/   200; Mu= 1.E-02; Perform= 5.703E+00 2.537E+01 / 7.305E+00 4.028E+01 meV; Val= 3/15
 Epoch     37/   200; Mu= 1.E-02; Perform= 5.665E+00 2.505E+01 / 7.327E+00 4.080E+01 meV; Val= 4/15
 Epoch     38/   200; Mu= 1.E-02; Perform= 5.630E+00 2.476E+01 / 7.355E+00 4.123E+01 meV; Val= 5/15
 Epoch     39/   200; Mu= 1.E-02; Perform= 5.599E+00 2.450E+01 / 7.378E+00 4.169E+01 meV; Val= 6/15
 Epoch     40/   200; Mu= 1.E-02; Perform= 5.569E+00 2.426E+01 / 7.401E+00 4.204E+01 meV; Val= 7/15
 Epoch     41/   200; Mu= 1.E-02; Perform= 5.542E+00 2.406E+01 / 7.419E+00 4.233E+01 meV; Val= 8/15
 Epoch     42/   200; Mu= 1.E-02; Perform= 5.517E+00 2.388E+01 / 7.434E+00 4.251E+01 meV; Val= 9/15
 Epoch     43/   200; Mu= 1.E-02; Perform= 5.494E+00 2.371E+01 / 7.442E+00 4.260E+01 meV; Val=10/15
 Epoch     44/   200; Mu= 1.E-02; Perform= 5.472E+00 2.356E+01 / 7.446E+00 4.258E+01 meV; Val=11/15
 Epoch     45/   200; Mu= 1.E-02; Perform= 5.452E+00 2.343E+01 / 7.445E+00 4.246E+01 meV; Val= 0/15
 Epoch     46/   200; Mu= 1.E-02; Perform= 5.433E+00 2.332E+01 / 7.442E+00 4.227E+01 meV; Val= 0/15
 Epoch     47/   200; Mu= 1.E-02; Perform= 5.416E+00 2.321E+01 / 7.438E+00 4.204E+01 meV; Val= 0/15
 Epoch     48/   200; Mu= 1.E-02; Perform= 5.400E+00 2.311E+01 / 7.432E+00 4.179E+01 meV; Val= 0/15
 Epoch     49/   200; Mu= 1.E-02; Perform= 5.385E+00 2.301E+01 / 7.424E+00 4.153E+01 meV; Val= 0/15
 Epoch     50/   200; Mu= 1.E-02; Perform= 5.371E+00 2.292E+01 / 7.415E+00 4.129E+01 meV; Val= 0/15
 Epoch     51/   200; Mu= 1.E-02; Perform= 5.358E+00 2.283E+01 / 7.412E+00 4.107E+01 meV; Val= 0/15
 Epoch     52/   200; Mu= 1.E-02; Perform= 5.346E+00 2.274E+01 / 7.415E+00 4.089E+01 meV; Val= 1/15
 Epoch     53/   200; Mu= 1.E-02; Perform= 5.334E+00 2.266E+01 / 7.427E+00 4.074E+01 meV; Val= 2/15
 Epoch     54/   200; Mu= 1.E-02; Perform= 5.322E+00 2.258E+01 / 7.450E+00 4.065E+01 meV; Val= 3/15
 Epoch     55/   200; Mu= 1.E-02; Perform= 5.311E+00 2.249E+01 / 7.484E+00 4.061E+01 meV; Val= 4/15
 Epoch     56/   200; Mu= 1.E-02; Perform= 5.300E+00 2.242E+01 / 7.525E+00 4.057E+01 meV; Val= 5/15
 Epoch     57/   200; Mu= 1.E-02; Perform= 5.290E+00 2.234E+01 / 7.572E+00 4.055E+01 meV; Val= 6/15
 Epoch     58/   200; Mu= 1.E-02; Perform= 5.280E+00 2.227E+01 / 7.627E+00 4.053E+01 meV; Val= 7/15
 Epoch     59/   200; Mu= 1.E-02; Perform= 5.270E+00 2.220E+01 / 7.691E+00 4.054E+01 meV; Val= 8/15
 Epoch     60/   200; Mu= 1.E-02; Perform= 5.261E+00 2.212E+01 / 7.762E+00 4.057E+01 meV; Val= 9/15
 Epoch     61/   200; Mu= 1.E-02; Perform= 5.251E+00 2.205E+01 / 7.841E+00 4.063E+01 meV; Val=10/15
 Epoch     62/   200; Mu= 1.E-02; Perform= 5.241E+00 2.198E+01 / 7.924E+00 4.073E+01 meV; Val=11/15
 Epoch     63/   200; Mu= 1.E-02; Perform= 5.232E+00 2.191E+01 / 8.011E+00 4.085E+01 meV; Val=12/15
 Epoch     64/   200; Mu= 1.E-02; Perform= 5.223E+00 2.184E+01 / 8.099E+00 4.101E+01 meV; Val=13/15
 Epoch     65/   200; Mu= 1.E-02; Perform= 5.214E+00 2.178E+01 / 8.181E+00 4.117E+01 meV; Val=14/15
 Epoch     66/   200; Mu= 1.E-02; Perform= 5.205E+00 2.172E+01 / 8.245E+00 4.129E+01 meV; Val=15/15
 Total rmse_04=  25.2555 meV; Total force rmse_=  26.9454 meV/angstrom; train=  22.8295; validation=  41.0724force train=  25.9143; force validation=  34.8746
 2025/10/18  13:08:41.62
