 Fitting the PES based on the embedded atom neural network
 Based on the idea of embeeding atomic method
 done: readinput
 done: allocate_all
 done: get_index
 1   82   82
 111000  |11000
 done: readcoor
 the total parameter: allnw=        6150
 the total wave parameter: wave_allnw=         297
 number of configurations used for training        9900
 number of AtNN           1
 number of neuron of output layer           1
        1.00000000       10.00000000
 maximal angular moment L           2
 number of GTO-type radial function    10    10    10
      9    82   246 11000
 Ru      33   30   30    1
 C       33   30   30    1
 O       33   30   30    1
 2025/07/26  18:30:41.74
 Epoch      1/   200; Mu= 1.E-02; Perform= 1.798E+01 1.235E+02 / 1.803E+01 1.418E+02 meV; Val= 0/15
 Epoch      2/   200; Mu= 1.E-02; Perform= 1.524E+01 9.480E+01 / 1.457E+01 1.017E+02 meV; Val= 0/15
 Epoch      3/   200; Mu= 1.E-01; Perform= 1.180E+01 6.985E+01 / 1.271E+01 1.099E+02 meV; Val= 0/15
 Epoch      4/   200; Mu= 1.E-01; Perform= 8.655E+00 5.275E+01 / 8.496E+00 5.855E+01 meV; Val= 0/15
 Epoch      5/   200; Mu= 1.E-01; Perform= 6.688E+00 3.447E+01 / 6.915E+00 4.173E+01 meV; Val= 0/15
 Epoch      6/   200; Mu= 1.E-01; Perform= 5.588E+00 2.531E+01 / 5.797E+00 2.688E+01 meV; Val= 0/15
 Epoch      7/   200; Mu= 1.E-01; Perform= 5.316E+00 2.303E+01 / 5.711E+00 2.361E+01 meV; Val= 0/15
 Epoch      8/   200; Mu= 1.E-01; Perform= 5.184E+00 2.194E+01 / 6.018E+00 2.493E+01 meV; Val= 1/15
 Epoch      9/   200; Mu= 1.E-01; Perform= 5.110E+00 2.125E+01 / 6.133E+00 2.517E+01 meV; Val= 2/15
 Epoch     10/   200; Mu= 1.E-01; Perform= 5.052E+00 2.068E+01 / 6.265E+00 2.484E+01 meV; Val= 3/15
 Epoch     11/   200; Mu= 1.E-01; Perform= 5.005E+00 2.026E+01 / 6.312E+00 2.443E+01 meV; Val= 4/15
 Epoch     12/   200; Mu= 1.E-01; Perform= 4.961E+00 1.989E+01 / 6.333E+00 2.401E+01 meV; Val= 5/15
 Epoch     13/   200; Mu= 1.E-01; Perform= 4.918E+00 1.956E+01 / 6.326E+00 2.337E+01 meV; Val= 0/15
 Epoch     14/   200; Mu= 1.E-01; Perform= 4.874E+00 1.927E+01 / 6.296E+00 2.244E+01 meV; Val= 0/15
 Epoch     15/   200; Mu= 1.E-01; Perform= 4.832E+00 1.905E+01 / 6.246E+00 2.136E+01 meV; Val= 0/15
 Epoch     16/   200; Mu= 1.E-01; Perform= 4.791E+00 1.889E+01 / 6.226E+00 2.057E+01 meV; Val= 0/15
 Epoch     17/   200; Mu= 1.E-01; Perform= 4.750E+00 1.877E+01 / 6.244E+00 2.006E+01 meV; Val= 1/15
 Epoch     18/   200; Mu= 1.E-01; Perform= 4.711E+00 1.863E+01 / 6.293E+00 1.976E+01 meV; Val= 2/15
 Epoch     19/   200; Mu= 1.E-01; Perform= 4.673E+00 1.847E+01 / 6.373E+00 1.960E+01 meV; Val= 3/15
 Epoch     20/   200; Mu= 1.E-01; Perform= 4.638E+00 1.829E+01 / 6.471E+00 1.958E+01 meV; Val= 4/15
 Epoch     21/   200; Mu= 1.E-01; Perform= 4.607E+00 1.812E+01 / 6.568E+00 1.953E+01 meV; Val= 5/15
 Epoch     22/   200; Mu= 1.E-01; Perform= 4.580E+00 1.795E+01 / 6.647E+00 1.942E+01 meV; Val= 6/15
 Epoch     23/   200; Mu= 1.E-01; Perform= 4.557E+00 1.779E+01 / 6.714E+00 1.931E+01 meV; Val= 7/15
 Epoch     24/   200; Mu= 1.E-01; Perform= 4.537E+00 1.764E+01 / 6.777E+00 1.929E+01 meV; Val= 8/15
 Epoch     25/   200; Mu= 1.E-01; Perform= 4.518E+00 1.751E+01 / 6.841E+00 1.939E+01 meV; Val= 9/15
 Epoch     26/   200; Mu= 1.E-01; Perform= 4.500E+00 1.739E+01 / 6.905E+00 1.963E+01 meV; Val=10/15
 Epoch     27/   200; Mu= 1.E-01; Perform= 4.484E+00 1.728E+01 / 6.967E+00 2.006E+01 meV; Val=11/15
 Epoch     28/   200; Mu= 1.E-01; Perform= 4.468E+00 1.718E+01 / 7.025E+00 2.066E+01 meV; Val=12/15
 Epoch     29/   200; Mu= 1.E-01; Perform= 4.454E+00 1.709E+01 / 7.079E+00 2.141E+01 meV; Val=13/15
 Epoch     30/   200; Mu= 1.E-01; Perform= 4.440E+00 1.701E+01 / 7.128E+00 2.230E+01 meV; Val=14/15
 Epoch     31/   200; Mu= 1.E-01; Perform= 4.427E+00 1.694E+01 / 7.175E+00 2.328E+01 meV; Val=15/15
 Total rmse_01=  19.0641 meV; Total force rmse_=  23.8178 meV/angstrom; train=  18.8898; validation=  20.5662force train=  23.0009; force validation=  30.1915
 2025/07/26  21:27:15.77
 2025/07/26  21:27:15.77
 Epoch      1/   200; Mu= 1.E-03; Perform= 2.017E+01 1.358E+02 / 1.808E+01 1.144E+02 meV; Val= 0/15
 Epoch      2/   200; Mu= 1.E-02; Perform= 1.638E+01 9.528E+01 / 1.471E+01 8.582E+01 meV; Val= 0/15
 Epoch      3/   200; Mu= 1.E-02; Perform= 1.403E+01 8.707E+01 / 1.414E+01 8.250E+01 meV; Val= 0/15
 Epoch      4/   200; Mu= 1.E-02; Perform= 1.029E+01 6.486E+01 / 1.041E+01 5.998E+01 meV; Val= 0/15
 Epoch      5/   200; Mu= 1.E-02; Perform= 9.166E+00 5.304E+01 / 9.337E+00 5.150E+01 meV; Val= 0/15
 Epoch      6/   200; Mu= 1.E-01; Perform= 6.282E+00 3.292E+01 / 6.786E+00 3.074E+01 meV; Val= 0/15
 Epoch      7/   200; Mu= 1.E-01; Perform= 5.483E+00 2.599E+01 / 6.105E+00 2.534E+01 meV; Val= 0/15
 Epoch      8/   200; Mu= 1.E-01; Perform= 5.183E+00 2.302E+01 / 5.914E+00 2.366E+01 meV; Val= 0/15
 Epoch      9/   200; Mu= 1.E-01; Perform= 5.084E+00 2.187E+01 / 5.826E+00 2.281E+01 meV; Val= 0/15
 Epoch     10/   200; Mu= 1.E-01; Perform= 5.030E+00 2.139E+01 / 5.805E+00 2.258E+01 meV; Val= 0/15
 Epoch     11/   200; Mu= 1.E-01; Perform= 4.987E+00 2.101E+01 / 5.778E+00 2.228E+01 meV; Val= 0/15
 Epoch     12/   200; Mu= 1.E-01; Perform= 4.950E+00 2.071E+01 / 5.758E+00 2.210E+01 meV; Val= 0/15
 Epoch     13/   200; Mu= 1.E-01; Perform= 4.917E+00 2.045E+01 / 5.740E+00 2.197E+01 meV; Val= 0/15
 Epoch     14/   200; Mu= 1.E-01; Perform= 4.887E+00 2.023E+01 / 5.724E+00 2.187E+01 meV; Val= 0/15
 Epoch     15/   200; Mu= 1.E-01; Perform= 4.857E+00 2.003E+01 / 5.708E+00 2.181E+01 meV; Val= 0/15
 Epoch     16/   200; Mu= 1.E-01; Perform= 4.828E+00 1.985E+01 / 5.693E+00 2.177E+01 meV; Val= 0/15
 Epoch     17/   200; Mu= 1.E-01; Perform= 4.798E+00 1.968E+01 / 5.676E+00 2.176E+01 meV; Val= 0/15
 Epoch     18/   200; Mu= 1.E-01; Perform= 4.767E+00 1.955E+01 / 5.659E+00 2.175E+01 meV; Val= 0/15
 Epoch     19/   200; Mu= 1.E-01; Perform= 4.733E+00 1.943E+01 / 5.644E+00 2.173E+01 meV; Val= 0/15
 Epoch     20/   200; Mu= 1.E-01; Perform= 4.701E+00 1.933E+01 / 5.632E+00 2.169E+01 meV; Val= 0/15
 Epoch     21/   200; Mu= 1.E-01; Perform= 4.673E+00 1.923E+01 / 5.624E+00 2.169E+01 meV; Val= 0/15
 Epoch     22/   200; Mu= 1.E-01; Perform= 4.650E+00 1.913E+01 / 5.618E+00 2.169E+01 meV; Val= 0/15
 Epoch     23/   200; Mu= 1.E-01; Perform= 4.631E+00 1.902E+01 / 5.611E+00 2.167E+01 meV; Val= 0/15
 Epoch     24/   200; Mu= 1.E-01; Perform= 4.613E+00 1.892E+01 / 5.604E+00 2.163E+01 meV; Val= 0/15
 Epoch     25/   200; Mu= 1.E-01; Perform= 4.597E+00 1.881E+01 / 5.596E+00 2.158E+01 meV; Val= 0/15
 Epoch     26/   200; Mu= 1.E-01; Perform= 4.582E+00 1.871E+01 / 5.588E+00 2.151E+01 meV; Val= 0/15
 Epoch     27/   200; Mu= 1.E-01; Perform= 4.568E+00 1.862E+01 / 5.580E+00 2.145E+01 meV; Val= 0/15
 Epoch     28/   200; Mu= 1.E-01; Perform= 4.556E+00 1.853E+01 / 5.572E+00 2.139E+01 meV; Val= 0/15
 Epoch     29/   200; Mu= 1.E-01; Perform= 4.543E+00 1.844E+01 / 5.565E+00 2.132E+01 meV; Val= 0/15
 Epoch     30/   200; Mu= 1.E-01; Perform= 4.532E+00 1.836E+01 / 5.558E+00 2.127E+01 meV; Val= 0/15
 Epoch     31/   200; Mu= 1.E-01; Perform= 4.521E+00 1.828E+01 / 5.552E+00 2.121E+01 meV; Val= 0/15
 Epoch     32/   200; Mu= 1.E-02; Perform= 4.515E+00 1.848E+01 / 5.558E+00 2.132E+01 meV; Val= 1/15
 Epoch     33/   200; Mu= 1.E-02; Perform= 4.423E+00 1.777E+01 / 5.512E+00 2.106E+01 meV; Val= 0/15
 Epoch     34/   200; Mu= 1.E-02; Perform= 4.373E+00 1.748E+01 / 5.474E+00 2.079E+01 meV; Val= 0/15
 Epoch     35/   200; Mu= 1.E-02; Perform= 4.332E+00 1.723E+01 / 5.458E+00 2.060E+01 meV; Val= 0/15
 Epoch     36/   200; Mu= 1.E-02; Perform= 4.289E+00 1.689E+01 / 5.440E+00 2.049E+01 meV; Val= 0/15
 Epoch     37/   200; Mu= 1.E-02; Perform= 4.250E+00 1.658E+01 / 5.421E+00 2.045E+01 meV; Val= 0/15
 Epoch     38/   200; Mu= 1.E-02; Perform= 4.217E+00 1.633E+01 / 5.399E+00 2.036E+01 meV; Val= 0/15
 Epoch     39/   200; Mu= 1.E-02; Perform= 4.185E+00 1.612E+01 / 5.380E+00 2.020E+01 meV; Val= 0/15
 Epoch     40/   200; Mu= 1.E-02; Perform= 4.156E+00 1.595E+01 / 5.367E+00 1.999E+01 meV; Val= 0/15
 Epoch     41/   200; Mu= 1.E-02; Perform= 4.130E+00 1.581E+01 / 5.357E+00 1.978E+01 meV; Val= 0/15
 Epoch     42/   200; Mu= 1.E-02; Perform= 4.103E+00 1.568E+01 / 5.347E+00 1.966E+01 meV; Val= 0/15
 Epoch     43/   200; Mu= 1.E-02; Perform= 4.078E+00 1.555E+01 / 5.341E+00 1.961E+01 meV; Val= 0/15
 Epoch     44/   200; Mu= 1.E-02; Perform= 4.055E+00 1.542E+01 / 5.335E+00 1.954E+01 meV; Val= 0/15
 Epoch     45/   200; Mu= 1.E-02; Perform= 4.035E+00 1.529E+01 / 5.330E+00 1.945E+01 meV; Val= 0/15
 Epoch     46/   200; Mu= 1.E-02; Perform= 4.017E+00 1.517E+01 / 5.325E+00 1.934E+01 meV; Val= 0/15
 Epoch     47/   200; Mu= 1.E-02; Perform= 4.000E+00 1.504E+01 / 5.318E+00 1.921E+01 meV; Val= 0/15
 Epoch     48/   200; Mu= 1.E-02; Perform= 3.983E+00 1.492E+01 / 5.313E+00 1.910E+01 meV; Val= 0/15
 Epoch     49/   200; Mu= 1.E-02; Perform= 3.968E+00 1.480E+01 / 5.309E+00 1.903E+01 meV; Val= 0/15
 Epoch     50/   200; Mu= 1.E-02; Perform= 3.953E+00 1.470E+01 / 5.307E+00 1.898E+01 meV; Val= 0/15
 Epoch     51/   200; Mu= 1.E-02; Perform= 3.939E+00 1.460E+01 / 5.307E+00 1.894E+01 meV; Val= 0/15
 Epoch     52/   200; Mu= 1.E-02; Perform= 3.926E+00 1.451E+01 / 5.308E+00 1.890E+01 meV; Val= 1/15
 Epoch     53/   200; Mu= 1.E-02; Perform= 3.913E+00 1.443E+01 / 5.309E+00 1.887E+01 meV; Val= 2/15
 Epoch     54/   200; Mu= 1.E-02; Perform= 3.901E+00 1.435E+01 / 5.312E+00 1.883E+01 meV; Val= 3/15
 Epoch     55/   200; Mu= 1.E-02; Perform= 3.891E+00 1.428E+01 / 5.314E+00 1.880E+01 meV; Val= 4/15
 Epoch     56/   200; Mu= 1.E-02; Perform= 3.881E+00 1.422E+01 / 5.316E+00 1.877E+01 meV; Val= 5/15
 Epoch     57/   200; Mu= 1.E-02; Perform= 3.872E+00 1.416E+01 / 5.317E+00 1.874E+01 meV; Val= 6/15
 Epoch     58/   200; Mu= 1.E-02; Perform= 3.864E+00 1.410E+01 / 5.317E+00 1.873E+01 meV; Val= 0/15
 Epoch     59/   200; Mu= 1.E-02; Perform= 3.854E+00 1.404E+01 / 5.314E+00 1.866E+01 meV; Val= 0/15
 Epoch     60/   200; Mu= 1.E-02; Perform= 3.846E+00 1.399E+01 / 5.311E+00 1.860E+01 meV; Val= 0/15
 Epoch     61/   200; Mu= 1.E-02; Perform= 3.839E+00 1.394E+01 / 5.308E+00 1.853E+01 meV; Val= 0/15
 Epoch     62/   200; Mu= 1.E-02; Perform= 3.832E+00 1.390E+01 / 5.306E+00 1.848E+01 meV; Val= 0/15
 Epoch     63/   200; Mu= 1.E-02; Perform= 3.826E+00 1.386E+01 / 5.304E+00 1.843E+01 meV; Val= 0/15
 Epoch     64/   200; Mu= 1.E-02; Perform= 3.819E+00 1.381E+01 / 5.302E+00 1.840E+01 meV; Val= 0/15
 Epoch     65/   200; Mu= 1.E-02; Perform= 3.813E+00 1.377E+01 / 5.302E+00 1.838E+01 meV; Val= 0/15
 Epoch     66/   200; Mu= 1.E-02; Perform= 3.807E+00 1.373E+01 / 5.302E+00 1.836E+01 meV; Val= 1/15
 Epoch     67/   200; Mu= 1.E-02; Perform= 3.801E+00 1.368E+01 / 5.303E+00 1.835E+01 meV; Val= 2/15
 Epoch     68/   200; Mu= 1.E-02; Perform= 3.795E+00 1.364E+01 / 5.303E+00 1.834E+01 meV; Val= 3/15
 Epoch     69/   200; Mu= 1.E-02; Perform= 3.789E+00 1.361E+01 / 5.303E+00 1.833E+01 meV; Val= 4/15
 Epoch     70/   200; Mu= 1.E-02; Perform= 3.783E+00 1.357E+01 / 5.303E+00 1.831E+01 meV; Val= 0/15
 Epoch     71/   200; Mu= 1.E-02; Perform= 3.778E+00 1.353E+01 / 5.302E+00 1.830E+01 meV; Val= 0/15
 Epoch     72/   200; Mu= 1.E-02; Perform= 3.772E+00 1.349E+01 / 5.301E+00 1.830E+01 meV; Val= 0/15
 Epoch     73/   200; Mu= 1.E-02; Perform= 3.766E+00 1.345E+01 / 5.299E+00 1.832E+01 meV; Val= 0/15
 Epoch     74/   200; Mu= 1.E-02; Perform= 3.761E+00 1.341E+01 / 5.296E+00 1.835E+01 meV; Val= 0/15
 Epoch     75/   200; Mu= 1.E-02; Perform= 3.755E+00 1.338E+01 / 5.293E+00 1.838E+01 meV; Val= 0/15
 Epoch     76/   200; Mu= 1.E-02; Perform= 3.750E+00 1.335E+01 / 5.290E+00 1.841E+01 meV; Val= 0/15
 Epoch     77/   200; Mu= 1.E-02; Perform= 3.745E+00 1.332E+01 / 5.287E+00 1.844E+01 meV; Val= 0/15
 Epoch     78/   200; Mu= 1.E-02; Perform= 3.741E+00 1.329E+01 / 5.285E+00 1.847E+01 meV; Val= 0/15
 Epoch     79/   200; Mu= 1.E-02; Perform= 3.737E+00 1.326E+01 / 5.283E+00 1.850E+01 meV; Val= 0/15
 Epoch     80/   200; Mu= 1.E-02; Perform= 3.733E+00 1.324E+01 / 5.281E+00 1.852E+01 meV; Val= 0/15
 Epoch     81/   200; Mu= 1.E-02; Perform= 3.729E+00 1.321E+01 / 5.279E+00 1.854E+01 meV; Val= 0/15
 Epoch     82/   200; Mu= 1.E-02; Perform= 3.725E+00 1.319E+01 / 5.278E+00 1.856E+01 meV; Val= 0/15
 Epoch     83/   200; Mu= 1.E-02; Perform= 3.722E+00 1.317E+01 / 5.276E+00 1.858E+01 meV; Val= 0/15
 Epoch     84/   200; Mu= 1.E-02; Perform= 3.718E+00 1.315E+01 / 5.275E+00 1.859E+01 meV; Val= 0/15
 Epoch     85/   200; Mu= 1.E-02; Perform= 3.715E+00 1.313E+01 / 5.274E+00 1.861E+01 meV; Val= 0/15
 Epoch     86/   200; Mu= 1.E-02; Perform= 3.712E+00 1.311E+01 / 5.272E+00 1.862E+01 meV; Val= 0/15
 Epoch     87/   200; Mu= 1.E-02; Perform= 3.708E+00 1.309E+01 / 5.270E+00 1.863E+01 meV; Val= 0/15
 Epoch     88/   200; Mu= 1.E-02; Perform= 3.705E+00 1.307E+01 / 5.269E+00 1.865E+01 meV; Val= 0/15
 Epoch     89/   200; Mu= 1.E-02; Perform= 3.702E+00 1.306E+01 / 5.267E+00 1.866E+01 meV; Val= 0/15
 Epoch     90/   200; Mu= 1.E-02; Perform= 3.699E+00 1.304E+01 / 5.265E+00 1.867E+01 meV; Val= 0/15
 Epoch     91/   200; Mu= 1.E-02; Perform= 3.696E+00 1.302E+01 / 5.264E+00 1.869E+01 meV; Val= 0/15
 Epoch     92/   200; Mu= 1.E-02; Perform= 3.693E+00 1.301E+01 / 5.262E+00 1.870E+01 meV; Val= 0/15
 Epoch     93/   200; Mu= 1.E-02; Perform= 3.691E+00 1.299E+01 / 5.260E+00 1.871E+01 meV; Val= 0/15
 Epoch     94/   200; Mu= 1.E-02; Perform= 3.688E+00 1.298E+01 / 5.259E+00 1.873E+01 meV; Val= 0/15
 Epoch     95/   200; Mu= 1.E-02; Perform= 3.685E+00 1.296E+01 / 5.257E+00 1.874E+01 meV; Val= 0/15
 Epoch     96/   200; Mu= 1.E-02; Perform= 3.683E+00 1.295E+01 / 5.256E+00 1.876E+01 meV; Val= 0/15
 Epoch     97/   200; Mu= 1.E-02; Perform= 3.680E+00 1.293E+01 / 5.254E+00 1.877E+01 meV; Val= 0/15
 Epoch     98/   200; Mu= 1.E-02; Perform= 3.678E+00 1.292E+01 / 5.253E+00 1.879E+01 meV; Val= 0/15
 Epoch     99/   200; Mu= 1.E-02; Perform= 3.675E+00 1.290E+01 / 5.252E+00 1.881E+01 meV; Val= 0/15
 Epoch    100/   200; Mu= 1.E-02; Perform= 3.673E+00 1.289E+01 / 5.251E+00 1.882E+01 meV; Val= 0/15
 Epoch    101/   200; Mu= 1.E-02; Perform= 3.670E+00 1.287E+01 / 5.250E+00 1.884E+01 meV; Val= 0/15
 Epoch    102/   200; Mu= 1.E-02; Perform= 3.668E+00 1.286E+01 / 5.249E+00 1.886E+01 meV; Val= 0/15
 Epoch    103/   200; Mu= 1.E-02; Perform= 3.666E+00 1.284E+01 / 5.248E+00 1.888E+01 meV; Val= 0/15
 Epoch    104/   200; Mu= 1.E-02; Perform= 3.664E+00 1.283E+01 / 5.248E+00 1.890E+01 meV; Val= 0/15
 Epoch    105/   200; Mu= 1.E-02; Perform= 3.661E+00 1.281E+01 / 5.248E+00 1.892E+01 meV; Val= 0/15
 Epoch    106/   200; Mu= 1.E-02; Perform= 3.659E+00 1.280E+01 / 5.248E+00 1.894E+01 meV; Val= 0/15
 Epoch    107/   200; Mu= 1.E-02; Perform= 3.657E+00 1.278E+01 / 5.248E+00 1.896E+01 meV; Val= 1/15
 Epoch    108/   200; Mu= 1.E-02; Perform= 3.655E+00 1.277E+01 / 5.248E+00 1.898E+01 meV; Val= 2/15
 Epoch    109/   200; Mu= 1.E-02; Perform= 3.653E+00 1.275E+01 / 5.249E+00 1.900E+01 meV; Val= 3/15
 Epoch    110/   200; Mu= 1.E-02; Perform= 3.651E+00 1.274E+01 / 5.250E+00 1.902E+01 meV; Val= 4/15
 Epoch    111/   200; Mu= 1.E-02; Perform= 3.649E+00 1.272E+01 / 5.251E+00 1.905E+01 meV; Val= 5/15
 Epoch    112/   200; Mu= 1.E-02; Perform= 3.647E+00 1.270E+01 / 5.252E+00 1.907E+01 meV; Val= 6/15
 Epoch    113/   200; Mu= 1.E-02; Perform= 3.645E+00 1.269E+01 / 5.253E+00 1.909E+01 meV; Val= 7/15
 Epoch    114/   200; Mu= 1.E-02; Perform= 3.643E+00 1.267E+01 / 5.255E+00 1.911E+01 meV; Val= 8/15
 Epoch    115/   200; Mu= 1.E-02; Perform= 3.641E+00 1.266E+01 / 5.257E+00 1.913E+01 meV; Val= 9/15
 Epoch    116/   200; Mu= 1.E-02; Perform= 3.639E+00 1.264E+01 / 5.259E+00 1.916E+01 meV; Val=10/15
 Epoch    117/   200; Mu= 1.E-02; Perform= 3.637E+00 1.263E+01 / 5.261E+00 1.918E+01 meV; Val=11/15
 Epoch    118/   200; Mu= 1.E-02; Perform= 3.635E+00 1.261E+01 / 5.263E+00 1.920E+01 meV; Val=12/15
 Epoch    119/   200; Mu= 1.E-02; Perform= 3.633E+00 1.260E+01 / 5.265E+00 1.922E+01 meV; Val=13/15
 Epoch    120/   200; Mu= 1.E-02; Perform= 3.631E+00 1.258E+01 / 5.268E+00 1.924E+01 meV; Val=14/15
 Epoch    121/   200; Mu= 1.E-02; Perform= 3.630E+00 1.257E+01 / 5.270E+00 1.927E+01 meV; Val=15/15
 Total rmse_02=  13.5361 meV; Total force rmse_=  18.5997 meV/angstrom; train=  12.7960; validation=  18.9375force train=  17.6941; force validation=  25.3330
 2025/07/27  09:20:20.38
 2025/07/27  09:20:20.38
 Epoch      1/   200; Mu= 1.E-03; Perform= 2.015E+01 1.192E+02 / 2.056E+01 1.261E+02 meV; Val= 0/15
 Epoch      2/   200; Mu= 1.E-02; Perform= 1.698E+01 9.503E+01 / 2.289E+01 1.827E+02 meV; Val= 1/15
 Epoch      3/   200; Mu= 1.E-01; Perform= 9.395E+00 5.297E+01 / 1.502E+01 1.521E+02 meV; Val= 0/15
 Epoch      4/   200; Mu= 1.E-01; Perform= 6.657E+00 3.263E+01 / 8.501E+00 6.477E+01 meV; Val= 0/15
 Epoch      5/   200; Mu= 1.E-01; Perform= 5.735E+00 2.671E+01 / 6.459E+00 3.757E+01 meV; Val= 0/15
 Epoch      6/   200; Mu= 1.E-01; Perform= 5.467E+00 2.450E+01 / 6.055E+00 3.069E+01 meV; Val= 0/15
 Epoch      7/   200; Mu= 1.E-01; Perform= 5.354E+00 2.352E+01 / 5.910E+00 2.752E+01 meV; Val= 0/15
 Epoch      8/   200; Mu= 1.E-01; Perform= 5.275E+00 2.284E+01 / 5.904E+00 2.802E+01 meV; Val= 0/15
 Epoch      9/   200; Mu= 1.E-01; Perform= 5.212E+00 2.228E+01 / 5.941E+00 2.880E+01 meV; Val= 1/15
 Epoch     10/   200; Mu= 1.E-01; Perform= 5.155E+00 2.180E+01 / 6.072E+00 3.039E+01 meV; Val= 2/15
 Epoch     11/   200; Mu= 1.E-01; Perform= 5.102E+00 2.135E+01 / 6.233E+00 3.207E+01 meV; Val= 3/15
 Epoch     12/   200; Mu= 1.E-01; Perform= 5.051E+00 2.095E+01 / 6.372E+00 3.329E+01 meV; Val= 4/15
 Epoch     13/   200; Mu= 1.E-01; Perform= 5.002E+00 2.059E+01 / 6.449E+00 3.376E+01 meV; Val= 5/15
 Epoch     14/   200; Mu= 1.E-01; Perform= 4.952E+00 2.028E+01 / 6.473E+00 3.367E+01 meV; Val= 6/15
 Epoch     15/   200; Mu= 1.E-01; Perform= 4.903E+00 2.003E+01 / 6.478E+00 3.343E+01 meV; Val= 7/15
 Epoch     16/   200; Mu= 1.E-01; Perform= 4.854E+00 1.982E+01 / 6.501E+00 3.340E+01 meV; Val= 8/15
 Epoch     17/   200; Mu= 1.E-01; Perform= 4.812E+00 1.964E+01 / 6.556E+00 3.372E+01 meV; Val= 9/15
 Epoch     18/   200; Mu= 1.E-01; Perform= 4.776E+00 1.947E+01 / 6.631E+00 3.416E+01 meV; Val=10/15
 Epoch     19/   200; Mu= 1.E-01; Perform= 4.747E+00 1.932E+01 / 6.713E+00 3.461E+01 meV; Val=11/15
 Epoch     20/   200; Mu= 1.E-01; Perform= 4.723E+00 1.917E+01 / 6.791E+00 3.501E+01 meV; Val=12/15
 Epoch     21/   200; Mu= 1.E-01; Perform= 4.701E+00 1.902E+01 / 6.855E+00 3.533E+01 meV; Val=13/15
 Epoch     22/   200; Mu= 1.E-01; Perform= 4.682E+00 1.889E+01 / 6.900E+00 3.553E+01 meV; Val=14/15
 Epoch     23/   200; Mu= 1.E-01; Perform= 4.664E+00 1.877E+01 / 6.925E+00 3.556E+01 meV; Val=15/15
 Total rmse_03=  23.4072 meV; Total force rmse_=  25.4420 meV/angstrom; train=  22.8373; validation=  28.0195force train=  25.1523; force validation=  27.9145
 2025/07/27  11:34:59.15
 2025/07/27  11:34:59.15
 Epoch      1/   200; Mu= 1.E-02; Perform= 1.267E+01 7.731E+01 / 1.482E+01 7.894E+01 meV; Val= 0/15
 Epoch      2/   200; Mu= 1.E-01; Perform= 9.785E+00 6.059E+01 / 1.135E+01 5.575E+01 meV; Val= 0/15
 Epoch      3/   200; Mu= 1.E-01; Perform= 8.435E+00 5.034E+01 / 8.901E+00 4.831E+01 meV; Val= 0/15
 Epoch      4/   200; Mu= 1.E-01; Perform= 6.689E+00 3.376E+01 / 8.297E+00 3.364E+01 meV; Val= 0/15
 Epoch      5/   200; Mu= 1.E-01; Perform= 5.753E+00 2.797E+01 / 6.644E+00 3.068E+01 meV; Val= 0/15
 Epoch      6/   200; Mu= 1.E-01; Perform= 5.466E+00 2.481E+01 / 5.926E+00 2.847E+01 meV; Val= 0/15
 Epoch      7/   200; Mu= 1.E-01; Perform= 5.179E+00 2.208E+01 / 5.488E+00 2.536E+01 meV; Val= 0/15
 Epoch      8/   200; Mu= 1.E-01; Perform= 5.039E+00 2.114E+01 / 5.389E+00 2.518E+01 meV; Val= 0/15
 Epoch      9/   200; Mu= 1.E-01; Perform= 4.941E+00 2.064E+01 / 5.380E+00 2.493E+01 meV; Val= 0/15
 Epoch     10/   200; Mu= 1.E-01; Perform= 4.872E+00 2.026E+01 / 5.326E+00 2.504E+01 meV; Val= 0/15
 Epoch     11/   200; Mu= 1.E-01; Perform= 4.813E+00 1.984E+01 / 5.226E+00 2.469E+01 meV; Val= 0/15
 Epoch     12/   200; Mu= 1.E-01; Perform= 4.766E+00 1.949E+01 / 5.132E+00 2.435E+01 meV; Val= 0/15
 Epoch     13/   200; Mu= 1.E-01; Perform= 4.724E+00 1.919E+01 / 5.049E+00 2.407E+01 meV; Val= 0/15
 Epoch     14/   200; Mu= 1.E-01; Perform= 4.688E+00 1.894E+01 / 4.985E+00 2.379E+01 meV; Val= 0/15
 Epoch     15/   200; Mu= 1.E-01; Perform= 4.655E+00 1.871E+01 / 4.938E+00 2.357E+01 meV; Val= 0/15
 Epoch     16/   200; Mu= 1.E-01; Perform= 4.626E+00 1.852E+01 / 4.909E+00 2.343E+01 meV; Val= 0/15
 Epoch     17/   200; Mu= 1.E-01; Perform= 4.600E+00 1.834E+01 / 4.893E+00 2.334E+01 meV; Val= 0/15
 Epoch     18/   200; Mu= 1.E-01; Perform= 4.575E+00 1.817E+01 / 4.886E+00 2.329E+01 meV; Val= 0/15
 Epoch     19/   200; Mu= 1.E-01; Perform= 4.551E+00 1.801E+01 / 4.886E+00 2.327E+01 meV; Val= 1/15
 Epoch     20/   200; Mu= 1.E-01; Perform= 4.529E+00 1.787E+01 / 4.891E+00 2.327E+01 meV; Val= 2/15
 Epoch     21/   200; Mu= 1.E-01; Perform= 4.508E+00 1.773E+01 / 4.899E+00 2.326E+01 meV; Val= 3/15
 Epoch     22/   200; Mu= 1.E-01; Perform= 4.488E+00 1.761E+01 / 4.908E+00 2.326E+01 meV; Val= 4/15
 Epoch     23/   200; Mu= 1.E-01; Perform= 4.469E+00 1.750E+01 / 4.918E+00 2.326E+01 meV; Val= 5/15
 Epoch     24/   200; Mu= 1.E-01; Perform= 4.450E+00 1.739E+01 / 4.931E+00 2.326E+01 meV; Val= 6/15
 Epoch     25/   200; Mu= 1.E-01; Perform= 4.431E+00 1.730E+01 / 4.946E+00 2.325E+01 meV; Val= 7/15
 Epoch     26/   200; Mu= 1.E-01; Perform= 4.412E+00 1.721E+01 / 4.964E+00 2.323E+01 meV; Val= 8/15
 Epoch     27/   200; Mu= 1.E-01; Perform= 4.392E+00 1.713E+01 / 4.984E+00 2.320E+01 meV; Val= 9/15
 Epoch     28/   200; Mu= 1.E-01; Perform= 4.371E+00 1.706E+01 / 5.004E+00 2.316E+01 meV; Val=10/15
 Epoch     29/   200; Mu= 1.E-01; Perform= 4.349E+00 1.699E+01 / 5.021E+00 2.311E+01 meV; Val=11/15
 Epoch     30/   200; Mu= 1.E-01; Perform= 4.327E+00 1.692E+01 / 5.030E+00 2.308E+01 meV; Val=12/15
 Epoch     31/   200; Mu= 1.E-01; Perform= 4.304E+00 1.685E+01 / 5.029E+00 2.306E+01 meV; Val= 0/15
 Epoch     32/   200; Mu= 1.E-01; Perform= 4.280E+00 1.677E+01 / 5.022E+00 2.307E+01 meV; Val= 0/15
 Epoch     33/   200; Mu= 1.E-01; Perform= 4.257E+00 1.670E+01 / 5.014E+00 2.310E+01 meV; Val= 0/15
 Epoch     34/   200; Mu= 1.E-01; Perform= 4.236E+00 1.662E+01 / 5.011E+00 2.317E+01 meV; Val= 0/15
 Epoch     35/   200; Mu= 1.E-01; Perform= 4.217E+00 1.656E+01 / 5.010E+00 2.326E+01 meV; Val= 0/15
 Epoch     36/   200; Mu= 1.E-01; Perform= 4.200E+00 1.649E+01 / 5.012E+00 2.335E+01 meV; Val= 1/15
 Epoch     37/   200; Mu= 1.E-01; Perform= 4.186E+00 1.642E+01 / 5.012E+00 2.344E+01 meV; Val= 2/15
 Epoch     38/   200; Mu= 1.E-01; Perform= 4.172E+00 1.635E+01 / 5.010E+00 2.352E+01 meV; Val= 0/15
 Epoch     39/   200; Mu= 1.E-01; Perform= 4.160E+00 1.629E+01 / 5.004E+00 2.358E+01 meV; Val= 0/15
 Epoch     40/   200; Mu= 1.E-01; Perform= 4.150E+00 1.623E+01 / 4.997E+00 2.363E+01 meV; Val= 0/15
 Epoch     41/   200; Mu= 1.E-01; Perform= 4.139E+00 1.618E+01 / 4.988E+00 2.366E+01 meV; Val= 0/15
 Epoch     42/   200; Mu= 1.E-01; Perform= 4.130E+00 1.612E+01 / 4.980E+00 2.369E+01 meV; Val= 0/15
 Epoch     43/   200; Mu= 1.E-01; Perform= 4.121E+00 1.607E+01 / 4.972E+00 2.371E+01 meV; Val= 0/15
 Epoch     44/   200; Mu= 1.E-01; Perform= 4.113E+00 1.602E+01 / 4.965E+00 2.372E+01 meV; Val= 0/15
 Epoch     45/   200; Mu= 1.E-01; Perform= 4.105E+00 1.598E+01 / 4.960E+00 2.373E+01 meV; Val= 0/15
 Epoch     46/   200; Mu= 1.E-01; Perform= 4.097E+00 1.593E+01 / 4.955E+00 2.374E+01 meV; Val= 0/15
 Epoch     47/   200; Mu= 1.E-01; Perform= 4.090E+00 1.588E+01 / 4.951E+00 2.375E+01 meV; Val= 0/15
 Epoch     48/   200; Mu= 1.E-01; Perform= 4.083E+00 1.584E+01 / 4.948E+00 2.375E+01 meV; Val= 0/15
 Epoch     49/   200; Mu= 1.E-01; Perform= 4.077E+00 1.580E+01 / 4.946E+00 2.375E+01 meV; Val= 0/15
 Epoch     50/   200; Mu= 1.E-01; Perform= 4.070E+00 1.575E+01 / 4.944E+00 2.375E+01 meV; Val= 0/15
 Epoch     51/   200; Mu= 1.E-01; Perform= 4.064E+00 1.571E+01 / 4.942E+00 2.375E+01 meV; Val= 0/15
 Epoch     52/   200; Mu= 1.E-01; Perform= 4.058E+00 1.567E+01 / 4.940E+00 2.374E+01 meV; Val= 0/15
 Epoch     53/   200; Mu= 1.E-01; Perform= 4.052E+00 1.563E+01 / 4.937E+00 2.373E+01 meV; Val= 0/15
 Epoch     54/   200; Mu= 1.E-01; Perform= 4.047E+00 1.559E+01 / 4.934E+00 2.371E+01 meV; Val= 0/15
 Epoch     55/   200; Mu= 1.E-01; Perform= 4.041E+00 1.555E+01 / 4.929E+00 2.370E+01 meV; Val= 0/15
 Epoch     56/   200; Mu= 1.E-01; Perform= 4.036E+00 1.551E+01 / 4.924E+00 2.367E+01 meV; Val= 0/15
 Epoch     57/   200; Mu= 1.E-01; Perform= 4.031E+00 1.548E+01 / 4.918E+00 2.364E+01 meV; Val= 0/15
 Epoch     58/   200; Mu= 1.E-01; Perform= 4.026E+00 1.544E+01 / 4.911E+00 2.361E+01 meV; Val= 0/15
 Epoch     59/   200; Mu= 1.E-01; Perform= 4.021E+00 1.540E+01 / 4.903E+00 2.357E+01 meV; Val= 0/15
 Epoch     60/   200; Mu= 1.E-01; Perform= 4.017E+00 1.536E+01 / 4.896E+00 2.353E+01 meV; Val= 0/15
 Epoch     61/   200; Mu= 1.E-01; Perform= 4.012E+00 1.533E+01 / 4.889E+00 2.348E+01 meV; Val= 0/15
 Epoch     62/   200; Mu= 1.E-01; Perform= 4.007E+00 1.529E+01 / 4.882E+00 2.343E+01 meV; Val= 0/15
 Epoch     63/   200; Mu= 1.E-01; Perform= 4.003E+00 1.525E+01 / 4.877E+00 2.337E+01 meV; Val= 0/15
 Epoch     64/   200; Mu= 1.E-01; Perform= 3.999E+00 1.521E+01 / 4.873E+00 2.331E+01 meV; Val= 0/15
 Epoch     65/   200; Mu= 1.E-01; Perform= 3.994E+00 1.518E+01 / 4.870E+00 2.324E+01 meV; Val= 0/15
 Epoch     66/   200; Mu= 1.E-01; Perform= 3.990E+00 1.514E+01 / 4.868E+00 2.317E+01 meV; Val= 0/15
 Epoch     67/   200; Mu= 1.E-01; Perform= 3.986E+00 1.511E+01 / 4.868E+00 2.310E+01 meV; Val= 0/15
 Epoch     68/   200; Mu= 1.E-01; Perform= 3.982E+00 1.507E+01 / 4.869E+00 2.302E+01 meV; Val= 1/15
 Epoch     69/   200; Mu= 1.E-01; Perform= 3.978E+00 1.504E+01 / 4.871E+00 2.295E+01 meV; Val= 2/15
 Epoch     70/   200; Mu= 1.E-01; Perform= 3.974E+00 1.502E+01 / 4.874E+00 2.287E+01 meV; Val= 3/15
 Epoch     71/   200; Mu= 1.E-01; Perform= 3.970E+00 1.499E+01 / 4.878E+00 2.279E+01 meV; Val= 4/15
 Epoch     72/   200; Mu= 1.E-01; Perform= 3.967E+00 1.496E+01 / 4.883E+00 2.272E+01 meV; Val= 5/15
 Epoch     73/   200; Mu= 1.E-01; Perform= 3.963E+00 1.494E+01 / 4.888E+00 2.264E+01 meV; Val= 6/15
 Epoch     74/   200; Mu= 1.E-01; Perform= 3.960E+00 1.492E+01 / 4.894E+00 2.256E+01 meV; Val= 7/15
 Epoch     75/   200; Mu= 1.E-01; Perform= 3.956E+00 1.489E+01 / 4.901E+00 2.249E+01 meV; Val= 8/15
 Epoch     76/   200; Mu= 1.E-01; Perform= 3.953E+00 1.487E+01 / 4.908E+00 2.241E+01 meV; Val= 9/15
 Epoch     77/   200; Mu= 1.E-01; Perform= 3.949E+00 1.485E+01 / 4.916E+00 2.234E+01 meV; Val=10/15
 Epoch     78/   200; Mu= 1.E-01; Perform= 3.946E+00 1.483E+01 / 4.923E+00 2.227E+01 meV; Val=11/15
 Epoch     79/   200; Mu= 1.E-01; Perform= 3.943E+00 1.481E+01 / 4.932E+00 2.220E+01 meV; Val=12/15
 Epoch     80/   200; Mu= 1.E-01; Perform= 3.940E+00 1.479E+01 / 4.940E+00 2.213E+01 meV; Val=13/15
 Epoch     81/   200; Mu= 1.E-01; Perform= 3.937E+00 1.477E+01 / 4.948E+00 2.206E+01 meV; Val=14/15
 Epoch     82/   200; Mu= 1.E-01; Perform= 3.934E+00 1.475E+01 / 4.956E+00 2.199E+01 meV; Val=15/15
 Total rmse_04=  16.0853 meV; Total force rmse_=  19.6029 meV/angstrom; train=  15.1068; validation=  23.0960force train=  19.1860; force validation=  23.0171
 2025/07/27  19:52:17.19
 2025/07/27  19:52:17.19
 Epoch      1/   200; Mu= 1.E-02; Perform= 1.650E+01 1.074E+02 / 1.908E+01 1.367E+02 meV; Val= 0/15
 Epoch      2/   200; Mu= 1.E-02; Perform= 1.450E+01 7.932E+01 / 1.630E+01 1.159E+02 meV; Val= 0/15
 Epoch      3/   200; Mu= 1.E-01; Perform= 1.128E+01 6.121E+01 / 1.336E+01 7.493E+01 meV; Val= 0/15
 Epoch      4/   200; Mu= 1.E-01; Perform= 7.536E+00 4.132E+01 / 8.443E+00 6.402E+01 meV; Val= 0/15
 Epoch      5/   200; Mu= 1.E-01; Perform= 6.424E+00 3.213E+01 / 6.604E+00 3.739E+01 meV; Val= 0/15
 Epoch      6/   200; Mu= 1.E-01; Perform= 5.663E+00 2.632E+01 / 6.176E+00 3.425E+01 meV; Val= 0/15
 Epoch      7/   200; Mu= 1.E-01; Perform= 5.317E+00 2.321E+01 / 5.843E+00 2.744E+01 meV; Val= 0/15
 Epoch      8/   200; Mu= 1.E-01; Perform= 5.163E+00 2.168E+01 / 6.040E+00 2.705E+01 meV; Val= 1/15
 Epoch      9/   200; Mu= 1.E-01; Perform= 5.087E+00 2.085E+01 / 6.157E+00 2.823E+01 meV; Val= 2/15
 Epoch     10/   200; Mu= 1.E-01; Perform= 5.031E+00 2.034E+01 / 6.281E+00 3.082E+01 meV; Val= 3/15
 Epoch     11/   200; Mu= 1.E-01; Perform= 4.984E+00 1.993E+01 / 6.370E+00 3.334E+01 meV; Val= 4/15
 Epoch     12/   200; Mu= 1.E-01; Perform= 4.944E+00 1.959E+01 / 6.487E+00 3.603E+01 meV; Val= 5/15
 Epoch     13/   200; Mu= 1.E-01; Perform= 4.908E+00 1.930E+01 / 6.631E+00 3.895E+01 meV; Val= 6/15
 Epoch     14/   200; Mu= 1.E-01; Perform= 4.876E+00 1.904E+01 / 6.810E+00 4.258E+01 meV; Val= 7/15
 Epoch     15/   200; Mu= 1.E-01; Perform= 4.846E+00 1.880E+01 / 7.015E+00 4.678E+01 meV; Val= 8/15
 Epoch     16/   200; Mu= 1.E-01; Perform= 4.818E+00 1.859E+01 / 7.237E+00 5.118E+01 meV; Val= 9/15
 Epoch     17/   200; Mu= 1.E-01; Perform= 4.791E+00 1.840E+01 / 7.468E+00 5.544E+01 meV; Val=10/15
 Epoch     18/   200; Mu= 1.E-01; Perform= 4.764E+00 1.823E+01 / 7.691E+00 5.924E+01 meV; Val=11/15
 Epoch     19/   200; Mu= 1.E-01; Perform= 4.738E+00 1.808E+01 / 7.901E+00 6.257E+01 meV; Val=12/15
 Epoch     20/   200; Mu= 1.E-01; Perform= 4.712E+00 1.795E+01 / 8.092E+00 6.550E+01 meV; Val=13/15
 Epoch     21/   200; Mu= 1.E-01; Perform= 4.687E+00 1.782E+01 / 8.246E+00 6.793E+01 meV; Val=14/15
 Epoch     22/   200; Mu= 1.E-01; Perform= 4.660E+00 1.769E+01 / 8.360E+00 6.974E+01 meV; Val=15/15
 Total rmse_05=  23.6642 meV; Total force rmse_=  25.5765 meV/angstrom; train=  23.2065; validation=  27.4421force train=  25.3347; force validation=  27.6579
 2025/07/27  22:10:52.17
