 Fitting the PES based on the embedded atom neural network
 Based on the idea of embeeding atomic method
 done: readinput
 done: allocate_all
 done: get_index
 1   84   84
 1 7685  | 7685
 done: readcoor
 the total parameter: allnw=        6150
 the total wave parameter: wave_allnw=         297
 number of configurations used for training        6916
 number of AtNN           1
 number of neuron of output layer           1
        1.00000000       10.00000000
 maximal angular moment L           2
 number of GTO-type radial function    10    10    10
      9    84   252  7685
 Ru      33   30   30    1
 C       33   30   30    1
 O       33   30   30    1
 2025/10/17  21:13:48.44
 Epoch      1/   200; Mu= 1.E-01; Perform= 1.968E+01 1.337E+02 / 1.864E+01 1.328E+02 meV; Val= 0/15
 Epoch      2/   200; Mu= 1.E-01; Perform= 1.945E+01 1.295E+02 / 1.835E+01 1.287E+02 meV; Val= 0/15
 Epoch      3/   200; Mu= 1.E-01; Perform= 1.942E+01 1.277E+02 / 1.835E+01 1.317E+02 meV; Val= 1/15
 Epoch      4/   200; Mu= 1.E-01; Perform= 1.843E+01 1.202E+02 / 1.736E+01 1.190E+02 meV; Val= 0/15
 Epoch      5/   200; Mu= 1.E-01; Perform= 1.751E+01 1.084E+02 / 1.672E+01 1.077E+02 meV; Val= 0/15
 Epoch      6/   200; Mu= 1.E+00; Perform= 1.581E+01 9.347E+01 / 1.479E+01 9.428E+01 meV; Val= 0/15
 Epoch      7/   200; Mu= 1.E+00; Perform= 1.454E+01 8.389E+01 / 1.376E+01 7.839E+01 meV; Val= 0/15
 Epoch      8/   200; Mu= 1.E+01; Perform= 1.398E+01 7.848E+01 / 1.301E+01 7.550E+01 meV; Val= 0/15
 Epoch      9/   200; Mu= 1.E+00; Perform= 1.295E+01 7.423E+01 / 1.233E+01 6.975E+01 meV; Val= 0/15
 Epoch     10/   200; Mu= 1.E+00; Perform= 1.218E+01 6.798E+01 / 1.149E+01 6.474E+01 meV; Val= 0/15
 Epoch     11/   200; Mu= 1.E+00; Perform= 1.168E+01 6.714E+01 / 1.191E+01 6.357E+01 meV; Val= 1/15
 Epoch     12/   200; Mu= 1.E+00; Perform= 1.125E+01 6.376E+01 / 1.075E+01 6.144E+01 meV; Val= 0/15
 Epoch     13/   200; Mu= 1.E-01; Perform= 1.123E+01 6.692E+01 / 1.132E+01 6.984E+01 meV; Val= 1/15
 Epoch     14/   200; Mu= 1.E-01; Perform= 1.065E+01 6.243E+01 / 1.010E+01 5.881E+01 meV; Val= 0/15
 Epoch     15/   200; Mu= 1.E-01; Perform= 9.534E+00 5.464E+01 / 9.819E+00 5.738E+01 meV; Val= 0/15
 Epoch     16/   200; Mu= 1.E-01; Perform= 8.990E+00 5.111E+01 / 9.179E+00 5.285E+01 meV; Val= 0/15
 Epoch     17/   200; Mu= 1.E-01; Perform= 8.411E+00 4.646E+01 / 8.952E+00 5.170E+01 meV; Val= 0/15
 Epoch     18/   200; Mu= 1.E-01; Perform= 8.113E+00 4.402E+01 / 8.618E+00 4.929E+01 meV; Val= 0/15
 Epoch     19/   200; Mu= 1.E-01; Perform= 7.848E+00 4.188E+01 / 8.518E+00 4.876E+01 meV; Val= 0/15
 Epoch     20/   200; Mu= 1.E-01; Perform= 7.674E+00 4.044E+01 / 8.404E+00 4.786E+01 meV; Val= 0/15
 Epoch     21/   200; Mu= 1.E-01; Perform= 7.541E+00 3.939E+01 / 8.337E+00 4.774E+01 meV; Val= 0/15
 Epoch     22/   200; Mu= 1.E-01; Perform= 7.427E+00 3.852E+01 / 8.311E+00 4.801E+01 meV; Val= 0/15
 Epoch     23/   200; Mu= 1.E-01; Perform= 7.328E+00 3.779E+01 / 8.279E+00 4.824E+01 meV; Val= 0/15
 Epoch     24/   200; Mu= 1.E-01; Perform= 7.237E+00 3.715E+01 / 8.245E+00 4.857E+01 meV; Val= 0/15
 Epoch     25/   200; Mu= 1.E-01; Perform= 7.153E+00 3.654E+01 / 8.209E+00 4.879E+01 meV; Val= 0/15
 Epoch     26/   200; Mu= 1.E-01; Perform= 7.074E+00 3.595E+01 / 8.179E+00 4.898E+01 meV; Val= 0/15
 Epoch     27/   200; Mu= 1.E-01; Perform= 7.003E+00 3.541E+01 / 8.153E+00 4.919E+01 meV; Val= 0/15
 Epoch     28/   200; Mu= 1.E-01; Perform= 6.938E+00 3.490E+01 / 8.132E+00 4.948E+01 meV; Val= 0/15
 Epoch     29/   200; Mu= 1.E-01; Perform= 6.880E+00 3.444E+01 / 8.115E+00 4.982E+01 meV; Val= 0/15
 Epoch     30/   200; Mu= 1.E-01; Perform= 6.827E+00 3.401E+01 / 8.099E+00 5.016E+01 meV; Val= 0/15
 Epoch     31/   200; Mu= 1.E-01; Perform= 6.779E+00 3.361E+01 / 8.086E+00 5.049E+01 meV; Val= 0/15
 Epoch     32/   200; Mu= 1.E-01; Perform= 6.734E+00 3.324E+01 / 8.077E+00 5.079E+01 meV; Val= 0/15
 Epoch     33/   200; Mu= 1.E-01; Perform= 6.692E+00 3.289E+01 / 8.071E+00 5.107E+01 meV; Val= 0/15
 Epoch     34/   200; Mu= 1.E-01; Perform= 6.653E+00 3.256E+01 / 8.070E+00 5.132E+01 meV; Val= 0/15
 Epoch     35/   200; Mu= 1.E-01; Perform= 6.615E+00 3.225E+01 / 8.071E+00 5.154E+01 meV; Val= 1/15
 Epoch     36/   200; Mu= 1.E-01; Perform= 6.580E+00 3.197E+01 / 8.074E+00 5.173E+01 meV; Val= 2/15
 Epoch     37/   200; Mu= 1.E-01; Perform= 6.545E+00 3.169E+01 / 8.079E+00 5.190E+01 meV; Val= 3/15
 Epoch     38/   200; Mu= 1.E-01; Perform= 6.512E+00 3.143E+01 / 8.085E+00 5.205E+01 meV; Val= 4/15
 Epoch     39/   200; Mu= 1.E-01; Perform= 6.480E+00 3.118E+01 / 8.092E+00 5.218E+01 meV; Val= 5/15
 Epoch     40/   200; Mu= 1.E-01; Perform= 6.449E+00 3.094E+01 / 8.100E+00 5.230E+01 meV; Val= 6/15
 Epoch     41/   200; Mu= 1.E-01; Perform= 6.419E+00 3.072E+01 / 8.108E+00 5.242E+01 meV; Val= 7/15
 Epoch     42/   200; Mu= 1.E-01; Perform= 6.391E+00 3.050E+01 / 8.117E+00 5.254E+01 meV; Val= 8/15
 Epoch     43/   200; Mu= 1.E-01; Perform= 6.363E+00 3.030E+01 / 8.126E+00 5.268E+01 meV; Val= 9/15
 Epoch     44/   200; Mu= 1.E-01; Perform= 6.337E+00 3.011E+01 / 8.135E+00 5.283E+01 meV; Val=10/15
 Epoch     45/   200; Mu= 1.E-01; Perform= 6.313E+00 2.994E+01 / 8.143E+00 5.299E+01 meV; Val=11/15
 Epoch     46/   200; Mu= 1.E-01; Perform= 6.289E+00 2.978E+01 / 8.148E+00 5.317E+01 meV; Val=12/15
 Epoch     47/   200; Mu= 1.E-01; Perform= 6.266E+00 2.962E+01 / 8.153E+00 5.336E+01 meV; Val=13/15
 Epoch     48/   200; Mu= 1.E-01; Perform= 6.245E+00 2.948E+01 / 8.156E+00 5.358E+01 meV; Val=14/15
 Epoch     49/   200; Mu= 1.E-01; Perform= 6.225E+00 2.934E+01 / 8.158E+00 5.382E+01 meV; Val=15/15
 Total rmse_01=  34.8928 meV; Total force rmse_=  32.3516 meV/angstrom; train=  32.5588; validation=  51.3164force train=  31.7757; force validation=  37.1320
 2025/10/18  00:19:10.49
 2025/10/18  00:19:10.49
 Epoch      1/   200; Mu= 1.E-02; Perform= 2.067E+01 1.437E+02 / 2.098E+01 1.456E+02 meV; Val= 0/15
 Epoch      2/   200; Mu= 1.E-02; Perform= 1.955E+01 1.338E+02 / 1.969E+01 1.371E+02 meV; Val= 0/15
 Epoch      3/   200; Mu= 1.E-01; Perform= 1.775E+01 1.119E+02 / 1.849E+01 1.120E+02 meV; Val= 0/15
 Epoch      4/   200; Mu= 1.E-01; Perform= 1.679E+01 1.011E+02 / 1.696E+01 1.056E+02 meV; Val= 0/15
 Epoch      5/   200; Mu= 1.E-01; Perform= 1.635E+01 1.046E+02 / 1.734E+01 1.032E+02 meV; Val= 1/15
 Epoch      6/   200; Mu= 1.E-01; Perform= 1.502E+01 8.974E+01 / 1.514E+01 9.733E+01 meV; Val= 0/15
 Epoch      7/   200; Mu= 1.E-01; Perform= 1.361E+01 8.239E+01 / 1.524E+01 9.240E+01 meV; Val= 1/15
 Epoch      8/   200; Mu= 1.E-01; Perform= 1.273E+01 7.303E+01 / 1.464E+01 8.659E+01 meV; Val= 0/15
 Epoch      9/   200; Mu= 1.E-01; Perform= 1.164E+01 6.993E+01 / 1.430E+01 8.323E+01 meV; Val= 0/15
 Epoch     10/   200; Mu= 1.E-01; Perform= 1.114E+01 6.236E+01 / 1.247E+01 6.952E+01 meV; Val= 0/15
 Epoch     11/   200; Mu= 1.E-01; Perform= 1.023E+01 5.790E+01 / 1.246E+01 6.996E+01 meV; Val= 0/15
 Epoch     12/   200; Mu= 1.E-01; Perform= 9.544E+00 5.167E+01 / 1.103E+01 6.338E+01 meV; Val= 0/15
 Epoch     13/   200; Mu= 1.E-01; Perform= 9.002E+00 4.891E+01 / 1.064E+01 6.028E+01 meV; Val= 0/15
 Epoch     14/   200; Mu= 1.E-01; Perform= 8.422E+00 4.594E+01 / 9.952E+00 5.859E+01 meV; Val= 0/15
 Epoch     15/   200; Mu= 1.E-01; Perform= 8.124E+00 4.444E+01 / 9.525E+00 5.838E+01 meV; Val= 0/15
 Epoch     16/   200; Mu= 1.E-01; Perform= 7.928E+00 4.335E+01 / 9.447E+00 5.707E+01 meV; Val= 0/15
 Epoch     17/   200; Mu= 1.E-01; Perform= 7.748E+00 4.213E+01 / 9.292E+00 5.794E+01 meV; Val= 0/15
 Epoch     18/   200; Mu= 1.E-01; Perform= 7.592E+00 4.099E+01 / 9.246E+00 5.847E+01 meV; Val= 0/15
 Epoch     19/   200; Mu= 1.E-01; Perform= 7.477E+00 4.025E+01 / 9.188E+00 5.913E+01 meV; Val= 0/15
 Epoch     20/   200; Mu= 1.E-01; Perform= 7.381E+00 3.948E+01 / 9.204E+00 6.005E+01 meV; Val= 1/15
 Epoch     21/   200; Mu= 1.E-01; Perform= 7.298E+00 3.886E+01 / 9.237E+00 6.090E+01 meV; Val= 2/15
 Epoch     22/   200; Mu= 1.E-01; Perform= 7.223E+00 3.828E+01 / 9.278E+00 6.176E+01 meV; Val= 3/15
 Epoch     23/   200; Mu= 1.E-01; Perform= 7.154E+00 3.775E+01 / 9.318E+00 6.248E+01 meV; Val= 4/15
 Epoch     24/   200; Mu= 1.E-01; Perform= 7.091E+00 3.725E+01 / 9.346E+00 6.301E+01 meV; Val= 5/15
 Epoch     25/   200; Mu= 1.E-01; Perform= 7.032E+00 3.678E+01 / 9.358E+00 6.325E+01 meV; Val= 6/15
 Epoch     26/   200; Mu= 1.E-01; Perform= 6.977E+00 3.633E+01 / 9.351E+00 6.316E+01 meV; Val= 0/15
 Epoch     27/   200; Mu= 1.E-01; Perform= 6.926E+00 3.591E+01 / 9.327E+00 6.276E+01 meV; Val= 0/15
 Epoch     28/   200; Mu= 1.E-01; Perform= 6.878E+00 3.551E+01 / 9.292E+00 6.209E+01 meV; Val= 0/15
 Epoch     29/   200; Mu= 1.E-02; Perform= 6.865E+00 3.658E+01 / 9.216E+00 5.903E+01 meV; Val= 0/15
 Epoch     30/   200; Mu= 1.E-02; Perform= 6.534E+00 3.307E+01 / 9.032E+00 4.996E+01 meV; Val= 0/15
 Epoch     31/   200; Mu= 1.E-02; Perform= 6.407E+00 3.206E+01 / 9.074E+00 4.667E+01 meV; Val= 1/15
 Epoch     32/   200; Mu= 1.E-02; Perform= 6.274E+00 3.083E+01 / 9.070E+00 4.720E+01 meV; Val= 0/15
 Epoch     33/   200; Mu= 1.E-02; Perform= 6.166E+00 2.996E+01 / 9.057E+00 4.865E+01 meV; Val= 0/15
 Epoch     34/   200; Mu= 1.E-02; Perform= 6.081E+00 2.927E+01 / 9.120E+00 5.311E+01 meV; Val= 1/15
 Epoch     35/   200; Mu= 1.E-02; Perform= 6.008E+00 2.865E+01 / 9.146E+00 5.636E+01 meV; Val= 2/15
 Epoch     36/   200; Mu= 1.E-02; Perform= 5.946E+00 2.812E+01 / 9.220E+00 5.999E+01 meV; Val= 3/15
 Epoch     37/   200; Mu= 1.E-02; Perform= 5.892E+00 2.767E+01 / 9.289E+00 6.295E+01 meV; Val= 4/15
 Epoch     38/   200; Mu= 1.E-02; Perform= 5.845E+00 2.728E+01 / 9.356E+00 6.533E+01 meV; Val= 5/15
 Epoch     39/   200; Mu= 1.E-02; Perform= 5.802E+00 2.694E+01 / 9.419E+00 6.715E+01 meV; Val= 6/15
 Epoch     40/   200; Mu= 1.E-02; Perform= 5.763E+00 2.663E+01 / 9.491E+00 6.885E+01 meV; Val= 7/15
 Epoch     41/   200; Mu= 1.E-02; Perform= 5.726E+00 2.634E+01 / 9.566E+00 7.061E+01 meV; Val= 8/15
 Epoch     42/   200; Mu= 1.E-02; Perform= 5.691E+00 2.605E+01 / 9.620E+00 7.239E+01 meV; Val= 9/15
 Epoch     43/   200; Mu= 1.E-02; Perform= 5.658E+00 2.578E+01 / 9.645E+00 7.412E+01 meV; Val=10/15
 Epoch     44/   200; Mu= 1.E-02; Perform= 5.628E+00 2.555E+01 / 9.656E+00 7.576E+01 meV; Val=11/15
 Epoch     45/   200; Mu= 1.E-02; Perform= 5.600E+00 2.533E+01 / 9.680E+00 7.735E+01 meV; Val=12/15
 Epoch     46/   200; Mu= 1.E-02; Perform= 5.574E+00 2.514E+01 / 9.728E+00 7.889E+01 meV; Val=13/15
 Epoch     47/   200; Mu= 1.E-02; Perform= 5.549E+00 2.496E+01 / 9.800E+00 8.036E+01 meV; Val=14/15
 Epoch     48/   200; Mu= 1.E-02; Perform= 5.526E+00 2.478E+01 / 9.895E+00 8.188E+01 meV; Val=15/15
 Total rmse_02=  32.3184 meV; Total force rmse_=  31.0629 meV/angstrom; train=  29.9583; validation=  48.6450force train=  29.4716; force validation=  42.7927
 2025/10/18  03:18:50.23
 2025/10/18  03:18:50.24
 Epoch      1/   200; Mu= 1.E-02; Perform= 2.100E+01 1.475E+02 / 2.129E+01 1.603E+02 meV; Val= 0/15
 Epoch      2/   200; Mu= 1.E-02; Perform= 1.946E+01 1.323E+02 / 1.941E+01 1.419E+02 meV; Val= 0/15
 Epoch      3/   200; Mu= 1.E-02; Perform= 1.893E+01 1.255E+02 / 1.889E+01 1.374E+02 meV; Val= 0/15
 Epoch      4/   200; Mu= 1.E-01; Perform= 1.692E+01 1.033E+02 / 1.736E+01 1.172E+02 meV; Val= 0/15
 Epoch      5/   200; Mu= 1.E-01; Perform= 1.555E+01 8.911E+01 / 1.574E+01 1.005E+02 meV; Val= 0/15
 Epoch      6/   200; Mu= 1.E-01; Perform= 1.352E+01 7.763E+01 / 1.426E+01 8.957E+01 meV; Val= 0/15
 Epoch      7/   200; Mu= 1.E+00; Perform= 1.255E+01 6.679E+01 / 1.277E+01 8.075E+01 meV; Val= 0/15
 Epoch      8/   200; Mu= 1.E-01; Perform= 1.191E+01 6.475E+01 / 1.273E+01 7.701E+01 meV; Val= 0/15
 Epoch      9/   200; Mu= 1.E-01; Perform= 1.159E+01 6.111E+01 / 1.235E+01 7.340E+01 meV; Val= 0/15
 Epoch     10/   200; Mu= 1.E-01; Perform= 1.118E+01 5.935E+01 / 1.333E+01 7.271E+01 meV; Val= 1/15
 Epoch     11/   200; Mu= 1.E-01; Perform= 1.049E+01 5.486E+01 / 1.184E+01 6.940E+01 meV; Val= 0/15
 Epoch     12/   200; Mu= 1.E-01; Perform= 1.049E+01 5.612E+01 / 1.241E+01 7.963E+01 meV; Val= 1/15
 Epoch     13/   200; Mu= 1.E-01; Perform= 9.312E+00 4.777E+01 / 1.039E+01 6.159E+01 meV; Val= 0/15
 Epoch     14/   200; Mu= 1.E-01; Perform= 9.077E+00 4.743E+01 / 1.053E+01 6.337E+01 meV; Val= 1/15
 Epoch     15/   200; Mu= 1.E-01; Perform= 8.448E+00 4.393E+01 / 9.551E+00 6.057E+01 meV; Val= 0/15
 Epoch     16/   200; Mu= 1.E-01; Perform= 8.211E+00 4.259E+01 / 9.579E+00 6.055E+01 meV; Val= 1/15
 Epoch     17/   200; Mu= 1.E-01; Perform= 7.988E+00 4.153E+01 / 9.246E+00 6.008E+01 meV; Val= 0/15
 Epoch     18/   200; Mu= 1.E-01; Perform= 7.842E+00 4.074E+01 / 9.230E+00 5.932E+01 meV; Val= 0/15
 Epoch     19/   200; Mu= 1.E-01; Perform= 7.722E+00 3.998E+01 / 9.173E+00 5.910E+01 meV; Val= 0/15
 Epoch     20/   200; Mu= 1.E-01; Perform= 7.618E+00 3.929E+01 / 9.150E+00 5.893E+01 meV; Val= 0/15
 Epoch     21/   200; Mu= 1.E-01; Perform= 7.525E+00 3.861E+01 / 9.112E+00 5.886E+01 meV; Val= 0/15
 Epoch     22/   200; Mu= 1.E-01; Perform= 7.440E+00 3.799E+01 / 9.088E+00 5.882E+01 meV; Val= 0/15
 Epoch     23/   200; Mu= 1.E-01; Perform= 7.362E+00 3.742E+01 / 9.071E+00 5.880E+01 meV; Val= 0/15
 Epoch     24/   200; Mu= 1.E-01; Perform= 7.291E+00 3.691E+01 / 9.057E+00 5.879E+01 meV; Val= 0/15
 Epoch     25/   200; Mu= 1.E-02; Perform= 7.278E+00 3.840E+01 / 9.301E+00 5.974E+01 meV; Val= 1/15
 Epoch     26/   200; Mu= 1.E-02; Perform= 6.872E+00 3.428E+01 / 8.797E+00 5.419E+01 meV; Val= 0/15
 Epoch     27/   200; Mu= 1.E-02; Perform= 6.676E+00 3.252E+01 / 8.654E+00 5.303E+01 meV; Val= 0/15
 Epoch     28/   200; Mu= 1.E-02; Perform= 6.507E+00 3.101E+01 / 8.363E+00 4.999E+01 meV; Val= 0/15
 Epoch     29/   200; Mu= 1.E-02; Perform= 6.374E+00 2.976E+01 / 8.283E+00 4.987E+01 meV; Val= 0/15
 Epoch     30/   200; Mu= 1.E-02; Perform= 6.263E+00 2.904E+01 / 8.240E+00 4.909E+01 meV; Val= 0/15
 Epoch     31/   200; Mu= 1.E-02; Perform= 6.177E+00 2.836E+01 / 8.181E+00 4.903E+01 meV; Val= 0/15
 Epoch     32/   200; Mu= 1.E-02; Perform= 6.107E+00 2.783E+01 / 8.166E+00 4.885E+01 meV; Val= 0/15
 Epoch     33/   200; Mu= 1.E-02; Perform= 6.048E+00 2.746E+01 / 8.108E+00 4.867E+01 meV; Val= 0/15
 Epoch     34/   200; Mu= 1.E-02; Perform= 5.993E+00 2.703E+01 / 8.096E+00 4.839E+01 meV; Val= 0/15
 Epoch     35/   200; Mu= 1.E-02; Perform= 5.946E+00 2.675E+01 / 8.041E+00 4.831E+01 meV; Val= 0/15
 Epoch     36/   200; Mu= 1.E-02; Perform= 5.903E+00 2.644E+01 / 7.992E+00 4.844E+01 meV; Val= 0/15
 Epoch     37/   200; Mu= 1.E-02; Perform= 5.865E+00 2.619E+01 / 7.948E+00 4.897E+01 meV; Val= 0/15
 Epoch     38/   200; Mu= 1.E-02; Perform= 5.829E+00 2.595E+01 / 7.932E+00 5.006E+01 meV; Val= 0/15
 Epoch     39/   200; Mu= 1.E-02; Perform= 5.795E+00 2.572E+01 / 7.910E+00 5.088E+01 meV; Val= 0/15
 Epoch     40/   200; Mu= 1.E-02; Perform= 5.764E+00 2.550E+01 / 7.877E+00 5.108E+01 meV; Val= 0/15
 Epoch     41/   200; Mu= 1.E-02; Perform= 5.735E+00 2.528E+01 / 7.819E+00 5.027E+01 meV; Val= 0/15
 Epoch     42/   200; Mu= 1.E-02; Perform= 5.708E+00 2.505E+01 / 7.752E+00 4.888E+01 meV; Val= 0/15
 Epoch     43/   200; Mu= 1.E-02; Perform= 5.683E+00 2.483E+01 / 7.686E+00 4.735E+01 meV; Val= 0/15
 Epoch     44/   200; Mu= 1.E-02; Perform= 5.660E+00 2.461E+01 / 7.631E+00 4.612E+01 meV; Val= 0/15
 Epoch     45/   200; Mu= 1.E-02; Perform= 5.638E+00 2.441E+01 / 7.589E+00 4.535E+01 meV; Val= 0/15
 Epoch     46/   200; Mu= 1.E-02; Perform= 5.618E+00 2.423E+01 / 7.559E+00 4.498E+01 meV; Val= 0/15
 Epoch     47/   200; Mu= 1.E-02; Perform= 5.599E+00 2.406E+01 / 7.538E+00 4.484E+01 meV; Val= 0/15
 Epoch     48/   200; Mu= 1.E-02; Perform= 5.581E+00 2.390E+01 / 7.522E+00 4.482E+01 meV; Val= 0/15
 Epoch     49/   200; Mu= 1.E-02; Perform= 5.563E+00 2.375E+01 / 7.509E+00 4.482E+01 meV; Val= 0/15
 Epoch     50/   200; Mu= 1.E-02; Perform= 5.547E+00 2.362E+01 / 7.497E+00 4.481E+01 meV; Val= 0/15
 Epoch     51/   200; Mu= 1.E-02; Perform= 5.532E+00 2.350E+01 / 7.486E+00 4.478E+01 meV; Val= 0/15
 Epoch     52/   200; Mu= 1.E-02; Perform= 5.517E+00 2.339E+01 / 7.475E+00 4.472E+01 meV; Val= 0/15
 Epoch     53/   200; Mu= 1.E-02; Perform= 5.504E+00 2.328E+01 / 7.463E+00 4.463E+01 meV; Val= 0/15
 Epoch     54/   200; Mu= 1.E-02; Perform= 5.490E+00 2.319E+01 / 7.452E+00 4.452E+01 meV; Val= 0/15
 Epoch     55/   200; Mu= 1.E-02; Perform= 5.478E+00 2.310E+01 / 7.441E+00 4.438E+01 meV; Val= 0/15
 Epoch     56/   200; Mu= 1.E-02; Perform= 5.466E+00 2.302E+01 / 7.430E+00 4.422E+01 meV; Val= 0/15
 Epoch     57/   200; Mu= 1.E-02; Perform= 5.454E+00 2.294E+01 / 7.419E+00 4.402E+01 meV; Val= 0/15
 Epoch     58/   200; Mu= 1.E-02; Perform= 5.443E+00 2.286E+01 / 7.409E+00 4.381E+01 meV; Val= 0/15
 Epoch     59/   200; Mu= 1.E-02; Perform= 5.432E+00 2.279E+01 / 7.398E+00 4.358E+01 meV; Val= 0/15
 Epoch     60/   200; Mu= 1.E-02; Perform= 5.422E+00 2.272E+01 / 7.387E+00 4.334E+01 meV; Val= 0/15
 Epoch     61/   200; Mu= 1.E-02; Perform= 5.411E+00 2.265E+01 / 7.376E+00 4.310E+01 meV; Val= 0/15
 Epoch     62/   200; Mu= 1.E-02; Perform= 5.401E+00 2.259E+01 / 7.365E+00 4.287E+01 meV; Val= 0/15
 Epoch     63/   200; Mu= 1.E-02; Perform= 5.391E+00 2.252E+01 / 7.354E+00 4.266E+01 meV; Val= 0/15
 Epoch     64/   200; Mu= 1.E-02; Perform= 5.381E+00 2.246E+01 / 7.344E+00 4.247E+01 meV; Val= 0/15
 Epoch     65/   200; Mu= 1.E-02; Perform= 5.372E+00 2.239E+01 / 7.335E+00 4.232E+01 meV; Val= 0/15
 Epoch     66/   200; Mu= 1.E-02; Perform= 5.362E+00 2.233E+01 / 7.327E+00 4.220E+01 meV; Val= 0/15
 Epoch     67/   200; Mu= 1.E-03; Perform= 5.362E+00 2.263E+01 / 7.338E+00 4.270E+01 meV; Val= 1/15
 Epoch     68/   200; Mu= 1.E-03; Perform= 5.304E+00 2.208E+01 / 7.373E+00 4.347E+01 meV; Val= 2/15
 Epoch     69/   200; Mu= 1.E-03; Perform= 5.276E+00 2.191E+01 / 7.401E+00 4.373E+01 meV; Val= 3/15
 Epoch     70/   200; Mu= 1.E-03; Perform= 5.253E+00 2.179E+01 / 7.481E+00 4.440E+01 meV; Val= 4/15
 Epoch     71/   200; Mu= 1.E-03; Perform= 5.232E+00 2.161E+01 / 7.577E+00 4.521E+01 meV; Val= 5/15
 Epoch     72/   200; Mu= 1.E-03; Perform= 5.211E+00 2.145E+01 / 7.616E+00 4.595E+01 meV; Val= 6/15
 Epoch     73/   200; Mu= 1.E-03; Perform= 5.195E+00 2.132E+01 / 7.696E+00 4.676E+01 meV; Val= 7/15
 Epoch     74/   200; Mu= 1.E-03; Perform= 5.180E+00 2.121E+01 / 7.742E+00 4.721E+01 meV; Val= 8/15
 Epoch     75/   200; Mu= 1.E-03; Perform= 5.168E+00 2.109E+01 / 7.823E+00 4.773E+01 meV; Val= 9/15
 Epoch     76/   200; Mu= 1.E-03; Perform= 5.156E+00 2.102E+01 / 7.889E+00 4.792E+01 meV; Val=10/15
 Epoch     77/   200; Mu= 1.E-03; Perform= 5.145E+00 2.093E+01 / 7.981E+00 4.820E+01 meV; Val=11/15
 Epoch     78/   200; Mu= 1.E-03; Perform= 5.136E+00 2.088E+01 / 8.067E+00 4.830E+01 meV; Val=12/15
 Epoch     79/   200; Mu= 1.E-03; Perform= 5.126E+00 2.081E+01 / 8.144E+00 4.842E+01 meV; Val=13/15
 Epoch     80/   200; Mu= 1.E-03; Perform= 5.117E+00 2.076E+01 / 8.231E+00 4.856E+01 meV; Val=14/15
 Epoch     81/   200; Mu= 1.E-03; Perform= 5.107E+00 2.069E+01 / 8.301E+00 4.858E+01 meV; Val=15/15
 Total rmse_03=  25.0399 meV; Total force rmse_=  26.9261 meV/angstrom; train=  22.3320; validation=  42.1976force train=  25.9796; force validation=  34.2842
 2025/10/18  08:21:48.52
 2025/10/18  08:21:48.52
 Epoch      1/   200; Mu= 1.E-02; Perform= 2.066E+01 1.463E+02 / 1.892E+01 1.407E+02 meV; Val= 0/15
 Epoch      2/   200; Mu= 1.E-02; Perform= 2.029E+01 1.359E+02 / 1.813E+01 1.247E+02 meV; Val= 0/15
 Epoch      3/   200; Mu= 1.E-01; Perform= 1.930E+01 1.270E+02 / 1.728E+01 1.161E+02 meV; Val= 0/15
 Epoch      4/   200; Mu= 1.E-01; Perform= 1.742E+01 1.060E+02 / 1.544E+01 1.055E+02 meV; Val= 0/15
 Epoch      5/   200; Mu= 1.E-01; Perform= 1.672E+01 1.017E+02 / 1.481E+01 9.619E+01 meV; Val= 0/15
 Epoch      6/   200; Mu= 1.E-01; Perform= 1.638E+01 9.721E+01 / 1.439E+01 9.709E+01 meV; Val= 0/15
 Epoch      7/   200; Mu= 1.E-01; Perform= 1.472E+01 8.460E+01 / 1.290E+01 8.321E+01 meV; Val= 0/15
 Epoch      8/   200; Mu= 1.E-01; Perform= 1.303E+01 7.180E+01 / 1.201E+01 7.461E+01 meV; Val= 0/15
 Epoch      9/   200; Mu= 1.E-01; Perform= 1.277E+01 7.460E+01 / 1.150E+01 7.360E+01 meV; Val= 0/15
 Epoch     10/   200; Mu= 1.E-01; Perform= 1.261E+01 7.011E+01 / 1.164E+01 7.123E+01 meV; Val= 1/15
 Epoch     11/   200; Mu= 1.E+00; Perform= 1.059E+01 5.696E+01 / 1.030E+01 6.325E+01 meV; Val= 0/15
 Epoch     12/   200; Mu= 1.E-01; Perform= 9.863E+00 5.351E+01 / 9.880E+00 6.174E+01 meV; Val= 0/15
 Epoch     13/   200; Mu= 1.E-01; Perform= 9.045E+00 4.937E+01 / 9.561E+00 6.011E+01 meV; Val= 0/15
 Epoch     14/   200; Mu= 1.E-01; Perform= 8.627E+00 4.695E+01 / 9.230E+00 5.686E+01 meV; Val= 0/15
 Epoch     15/   200; Mu= 1.E-01; Perform= 8.383E+00 4.533E+01 / 9.037E+00 5.468E+01 meV; Val= 0/15
 Epoch     16/   200; Mu= 1.E-01; Perform= 8.108E+00 4.361E+01 / 8.868E+00 5.369E+01 meV; Val= 0/15
 Epoch     17/   200; Mu= 1.E-01; Perform= 7.933E+00 4.252E+01 / 8.694E+00 5.253E+01 meV; Val= 0/15
 Epoch     18/   200; Mu= 1.E-01; Perform= 7.800E+00 4.163E+01 / 8.607E+00 5.170E+01 meV; Val= 0/15
 Epoch     19/   200; Mu= 1.E-01; Perform= 7.677E+00 4.081E+01 / 8.527E+00 5.088E+01 meV; Val= 0/15
 Epoch     20/   200; Mu= 1.E-01; Perform= 7.571E+00 4.003E+01 / 8.475E+00 5.043E+01 meV; Val= 0/15
 Epoch     21/   200; Mu= 1.E-01; Perform= 7.476E+00 3.931E+01 / 8.432E+00 5.009E+01 meV; Val= 0/15
 Epoch     22/   200; Mu= 1.E-01; Perform= 7.392E+00 3.862E+01 / 8.399E+00 4.989E+01 meV; Val= 0/15
 Epoch     23/   200; Mu= 1.E-02; Perform= 7.369E+00 3.952E+01 / 8.572E+00 5.314E+01 meV; Val= 1/15
 Epoch     24/   200; Mu= 1.E-02; Perform= 6.984E+00 3.609E+01 / 8.307E+00 4.877E+01 meV; Val= 0/15
 Epoch     25/   200; Mu= 1.E-02; Perform= 6.759E+00 3.379E+01 / 8.205E+00 4.843E+01 meV; Val= 0/15
 Epoch     26/   200; Mu= 1.E-02; Perform= 6.577E+00 3.237E+01 / 8.138E+00 4.756E+01 meV; Val= 0/15
 Epoch     27/   200; Mu= 1.E-02; Perform= 6.442E+00 3.111E+01 / 8.102E+00 4.649E+01 meV; Val= 0/15
 Epoch     28/   200; Mu= 1.E-02; Perform= 6.325E+00 3.016E+01 / 8.064E+00 4.592E+01 meV; Val= 0/15
 Epoch     29/   200; Mu= 1.E-02; Perform= 6.226E+00 2.927E+01 / 8.059E+00 4.553E+01 meV; Val= 0/15
 Epoch     30/   200; Mu= 1.E-02; Perform= 6.144E+00 2.865E+01 / 8.055E+00 4.537E+01 meV; Val= 0/15
 Epoch     31/   200; Mu= 1.E-02; Perform= 6.073E+00 2.801E+01 / 8.044E+00 4.530E+01 meV; Val= 0/15
 Epoch     32/   200; Mu= 1.E-02; Perform= 6.011E+00 2.751E+01 / 8.007E+00 4.519E+01 meV; Val= 0/15
 Epoch     33/   200; Mu= 1.E-02; Perform= 5.960E+00 2.707E+01 / 7.979E+00 4.519E+01 meV; Val= 0/15
 Epoch     34/   200; Mu= 1.E-02; Perform= 5.912E+00 2.669E+01 / 7.964E+00 4.528E+01 meV; Val= 0/15
 Epoch     35/   200; Mu= 1.E-02; Perform= 5.870E+00 2.634E+01 / 7.966E+00 4.555E+01 meV; Val= 1/15
 Epoch     36/   200; Mu= 1.E-02; Perform= 5.832E+00 2.605E+01 / 7.963E+00 4.575E+01 meV; Val= 0/15
 Epoch     37/   200; Mu= 1.E-02; Perform= 5.794E+00 2.575E+01 / 7.972E+00 4.595E+01 meV; Val= 1/15
 Epoch     38/   200; Mu= 1.E-02; Perform= 5.761E+00 2.550E+01 / 7.954E+00 4.595E+01 meV; Val= 0/15
 Epoch     39/   200; Mu= 1.E-02; Perform= 5.727E+00 2.523E+01 / 7.944E+00 4.586E+01 meV; Val= 0/15
 Epoch     40/   200; Mu= 1.E-02; Perform= 5.697E+00 2.501E+01 / 7.914E+00 4.571E+01 meV; Val= 0/15
 Epoch     41/   200; Mu= 1.E-02; Perform= 5.667E+00 2.476E+01 / 7.891E+00 4.550E+01 meV; Val= 0/15
 Epoch     42/   200; Mu= 1.E-02; Perform= 5.640E+00 2.455E+01 / 7.867E+00 4.532E+01 meV; Val= 0/15
 Epoch     43/   200; Mu= 1.E-02; Perform= 5.614E+00 2.434E+01 / 7.852E+00 4.514E+01 meV; Val= 0/15
 Epoch     44/   200; Mu= 1.E-02; Perform= 5.591E+00 2.416E+01 / 7.836E+00 4.499E+01 meV; Val= 0/15
 Epoch     45/   200; Mu= 1.E-02; Perform= 5.570E+00 2.399E+01 / 7.824E+00 4.486E+01 meV; Val= 0/15
 Epoch     46/   200; Mu= 1.E-02; Perform= 5.550E+00 2.384E+01 / 7.806E+00 4.469E+01 meV; Val= 0/15
 Epoch     47/   200; Mu= 1.E-02; Perform= 5.532E+00 2.370E+01 / 7.788E+00 4.448E+01 meV; Val= 0/15
 Epoch     48/   200; Mu= 1.E-02; Perform= 5.514E+00 2.358E+01 / 7.762E+00 4.421E+01 meV; Val= 0/15
 Epoch     49/   200; Mu= 1.E-02; Perform= 5.499E+00 2.347E+01 / 7.734E+00 4.391E+01 meV; Val= 0/15
 Epoch     50/   200; Mu= 1.E-02; Perform= 5.484E+00 2.336E+01 / 7.702E+00 4.359E+01 meV; Val= 0/15
 Epoch     51/   200; Mu= 1.E-02; Perform= 5.470E+00 2.327E+01 / 7.671E+00 4.327E+01 meV; Val= 0/15
 Epoch     52/   200; Mu= 1.E-02; Perform= 5.456E+00 2.318E+01 / 7.639E+00 4.298E+01 meV; Val= 0/15
 Epoch     53/   200; Mu= 1.E-02; Perform= 5.443E+00 2.309E+01 / 7.610E+00 4.273E+01 meV; Val= 0/15
 Epoch     54/   200; Mu= 1.E-02; Perform= 5.431E+00 2.300E+01 / 7.584E+00 4.251E+01 meV; Val= 0/15
 Epoch     55/   200; Mu= 1.E-02; Perform= 5.418E+00 2.291E+01 / 7.562E+00 4.232E+01 meV; Val= 0/15
 Epoch     56/   200; Mu= 1.E-02; Perform= 5.406E+00 2.283E+01 / 7.543E+00 4.215E+01 meV; Val= 0/15
 Epoch     57/   200; Mu= 1.E-02; Perform= 5.395E+00 2.275E+01 / 7.528E+00 4.199E+01 meV; Val= 0/15
 Epoch     58/   200; Mu= 1.E-02; Perform= 5.383E+00 2.267E+01 / 7.514E+00 4.183E+01 meV; Val= 0/15
 Epoch     59/   200; Mu= 1.E-02; Perform= 5.372E+00 2.259E+01 / 7.500E+00 4.168E+01 meV; Val= 0/15
 Epoch     60/   200; Mu= 1.E-02; Perform= 5.361E+00 2.252E+01 / 7.487E+00 4.153E+01 meV; Val= 0/15
 Epoch     61/   200; Mu= 1.E-02; Perform= 5.351E+00 2.246E+01 / 7.473E+00 4.139E+01 meV; Val= 0/15
 Epoch     62/   200; Mu= 1.E-02; Perform= 5.340E+00 2.239E+01 / 7.458E+00 4.126E+01 meV; Val= 0/15
 Epoch     63/   200; Mu= 1.E-02; Perform= 5.331E+00 2.233E+01 / 7.443E+00 4.114E+01 meV; Val= 0/15
 Epoch     64/   200; Mu= 1.E-02; Perform= 5.321E+00 2.227E+01 / 7.427E+00 4.103E+01 meV; Val= 0/15
 Epoch     65/   200; Mu= 1.E-02; Perform= 5.312E+00 2.220E+01 / 7.411E+00 4.092E+01 meV; Val= 0/15
 Epoch     66/   200; Mu= 1.E-02; Perform= 5.303E+00 2.214E+01 / 7.395E+00 4.082E+01 meV; Val= 0/15
 Epoch     67/   200; Mu= 1.E-02; Perform= 5.295E+00 2.208E+01 / 7.379E+00 4.072E+01 meV; Val= 0/15
 Epoch     68/   200; Mu= 1.E-02; Perform= 5.286E+00 2.202E+01 / 7.364E+00 4.063E+01 meV; Val= 0/15
 Epoch     69/   200; Mu= 1.E-02; Perform= 5.278E+00 2.196E+01 / 7.350E+00 4.055E+01 meV; Val= 0/15
 Epoch     70/   200; Mu= 1.E-02; Perform= 5.270E+00 2.190E+01 / 7.337E+00 4.047E+01 meV; Val= 0/15
 Epoch     71/   200; Mu= 1.E-02; Perform= 5.262E+00 2.184E+01 / 7.325E+00 4.041E+01 meV; Val= 0/15
 Epoch     72/   200; Mu= 1.E-02; Perform= 5.254E+00 2.178E+01 / 7.314E+00 4.037E+01 meV; Val= 0/15
 Epoch     73/   200; Mu= 1.E-02; Perform= 5.247E+00 2.172E+01 / 7.305E+00 4.033E+01 meV; Val= 0/15
 Epoch     74/   200; Mu= 1.E-02; Perform= 5.240E+00 2.165E+01 / 7.297E+00 4.031E+01 meV; Val= 0/15
 Epoch     75/   200; Mu= 1.E-02; Perform= 5.233E+00 2.159E+01 / 7.291E+00 4.031E+01 meV; Val= 0/15
 Epoch     76/   200; Mu= 1.E-02; Perform= 5.226E+00 2.153E+01 / 7.287E+00 4.031E+01 meV; Val= 0/15
 Epoch     77/   200; Mu= 1.E-02; Perform= 5.219E+00 2.147E+01 / 7.284E+00 4.033E+01 meV; Val= 0/15
 Epoch     78/   200; Mu= 1.E-02; Perform= 5.213E+00 2.141E+01 / 7.282E+00 4.036E+01 meV; Val= 0/15
 Epoch     79/   200; Mu= 1.E-02; Perform= 5.206E+00 2.135E+01 / 7.282E+00 4.039E+01 meV; Val= 0/15
 Epoch     80/   200; Mu= 1.E-02; Perform= 5.200E+00 2.130E+01 / 7.283E+00 4.044E+01 meV; Val= 1/15
 Epoch     81/   200; Mu= 1.E-02; Perform= 5.194E+00 2.124E+01 / 7.285E+00 4.049E+01 meV; Val= 2/15
 Epoch     82/   200; Mu= 1.E-02; Perform= 5.188E+00 2.119E+01 / 7.287E+00 4.055E+01 meV; Val= 3/15
 Epoch     83/   200; Mu= 1.E-02; Perform= 5.182E+00 2.114E+01 / 7.291E+00 4.063E+01 meV; Val= 4/15
 Epoch     84/   200; Mu= 1.E-02; Perform= 5.177E+00 2.109E+01 / 7.297E+00 4.072E+01 meV; Val= 5/15
 Epoch     85/   200; Mu= 1.E-02; Perform= 5.171E+00 2.104E+01 / 7.306E+00 4.081E+01 meV; Val= 6/15
 Epoch     86/   200; Mu= 1.E-02; Perform= 5.166E+00 2.099E+01 / 7.317E+00 4.092E+01 meV; Val= 7/15
 Epoch     87/   200; Mu= 1.E-02; Perform= 5.161E+00 2.095E+01 / 7.330E+00 4.102E+01 meV; Val= 8/15
 Epoch     88/   200; Mu= 1.E-02; Perform= 5.156E+00 2.091E+01 / 7.345E+00 4.113E+01 meV; Val= 9/15
 Epoch     89/   200; Mu= 1.E-03; Perform= 5.155E+00 2.091E+01 / 7.455E+00 4.195E+01 meV; Val=10/15
 Epoch     90/   200; Mu= 1.E-03; Perform= 5.124E+00 2.064E+01 / 7.511E+00 4.203E+01 meV; Val=11/15
 Epoch     91/   200; Mu= 1.E-03; Perform= 5.103E+00 2.049E+01 / 7.609E+00 4.240E+01 meV; Val=12/15
 Epoch     92/   200; Mu= 1.E-03; Perform= 5.085E+00 2.033E+01 / 7.661E+00 4.257E+01 meV; Val=13/15
 Epoch     93/   200; Mu= 1.E-03; Perform= 5.072E+00 2.022E+01 / 7.716E+00 4.270E+01 meV; Val=14/15
 Epoch     94/   200; Mu= 1.E-03; Perform= 5.059E+00 2.013E+01 / 7.734E+00 4.275E+01 meV; Val=15/15
 Total rmse_04=  23.9512 meV; Total force rmse_=  26.2927 meV/angstrom; train=  21.3544; validation=  40.3945force train=  25.2518; force validation=  34.2610
 2025/10/18  14:15:21.95
